Component: ARM Compiler 5.06 update 6 (build 750) Tool: armlink [4d35ed]

==============================================================================

Section Cross References

    startup_stm32f446xx.o(RESET) refers to startup_stm32f446xx.o(STACK) for __initial_sp
    startup_stm32f446xx.o(RESET) refers to startup_stm32f446xx.o(.text) for Reset_Handler
    startup_stm32f446xx.o(RESET) refers to stm32f4xx_it.o(i.NMI_Handler) for NMI_Handler
    startup_stm32f446xx.o(RESET) refers to stm32f4xx_it.o(i.HardFault_Handler) for HardFault_Handler
    startup_stm32f446xx.o(RESET) refers to stm32f4xx_it.o(i.MemManage_Handler) for MemManage_Handler
    startup_stm32f446xx.o(RESET) refers to stm32f4xx_it.o(i.BusFault_Handler) for BusFault_Handler
    startup_stm32f446xx.o(RESET) refers to stm32f4xx_it.o(i.UsageFault_Handler) for UsageFault_Handler
    startup_stm32f446xx.o(RESET) refers to stm32f4xx_it.o(i.SVC_Handler) for SVC_Handler
    startup_stm32f446xx.o(RESET) refers to stm32f4xx_it.o(i.DebugMon_Handler) for DebugMon_Handler
    startup_stm32f446xx.o(RESET) refers to stm32f4xx_it.o(i.PendSV_Handler) for PendSV_Handler
    startup_stm32f446xx.o(RESET) refers to stm32f4xx_it.o(i.SysTick_Handler) for SysTick_Handler
    startup_stm32f446xx.o(RESET) refers to stm32f4xx_it.o(i.TIM7_IRQHandler) for TIM7_IRQHandler
    startup_stm32f446xx.o(.text) refers to system_stm32f4xx.o(i.SystemInit) for SystemInit
    startup_stm32f446xx.o(.text) refers to entry.o(.ARM.Collect$$$$00000000) for __main
    main.o(i.SystemClock_Config) refers to memseta.o(.text) for __aeabi_memclr4
    main.o(i.SystemClock_Config) refers to stm32f4xx_hal_rcc_ex.o(i.HAL_RCC_OscConfig) for HAL_RCC_OscConfig
    main.o(i.SystemClock_Config) refers to stm32f4xx_hal_pwr_ex.o(i.HAL_PWREx_EnableOverDrive) for HAL_PWREx_EnableOverDrive
    main.o(i.SystemClock_Config) refers to stm32f4xx_hal_rcc.o(i.HAL_RCC_ClockConfig) for HAL_RCC_ClockConfig
    main.o(i.main) refers to stm32f4xx_hal.o(i.HAL_Init) for HAL_Init
    main.o(i.main) refers to main.o(i.SystemClock_Config) for SystemClock_Config
    main.o(i.main) refers to gpio.o(i.MX_GPIO_Init) for MX_GPIO_Init
    main.o(i.main) refers to tim.o(i.MX_TIM3_Init) for MX_TIM3_Init
    main.o(i.main) refers to tim.o(i.MX_TIM4_Init) for MX_TIM4_Init
    main.o(i.main) refers to tim.o(i.MX_TIM1_Init) for MX_TIM1_Init
    main.o(i.main) refers to tim.o(i.MX_TIM7_Init) for MX_TIM7_Init
    main.o(i.main) refers to usart.o(i.MX_UART4_Init) for MX_UART4_Init
    main.o(i.main) refers to odometry.o(i.set_dimentions) for set_dimentions
    main.o(i.main) refers to motors.o(i.set_motors) for set_motors
    main.o(i.main) refers to odometry.o(i.set_right_encoder) for set_right_encoder
    main.o(i.main) refers to odometry.o(i.set_left_encoder) for set_left_encoder
    main.o(i.main) refers to stm32f4xx_hal_tim.o(i.HAL_TIM_Base_Start_IT) for HAL_TIM_Base_Start_IT
    main.o(i.main) refers to motors.o(i.set_PWM_min) for set_PWM_min
    main.o(i.main) refers to robot_navi_euro20.o(i.Robot_Locate) for Robot_Locate
    main.o(i.main) refers to stm32f4xx_hal_uart.o(i.HAL_UART_Transmit) for HAL_UART_Transmit
    main.o(i.main) refers to stm32f4xx_hal.o(i.HAL_Delay) for HAL_Delay
    main.o(i.main) refers to robot_navi_euro20.o(i.move_distance) for move_distance
    main.o(i.main) refers to tim.o(.bss) for htim1
    main.o(i.main) refers to usart.o(.bss) for huart4
    tim.o(i.HAL_TIM_Base_MspDeInit) refers to stm32f4xx_hal_cortex.o(i.HAL_NVIC_DisableIRQ) for HAL_NVIC_DisableIRQ
    tim.o(i.HAL_TIM_Base_MspInit) refers to stm32f4xx_hal_cortex.o(i.HAL_NVIC_SetPriority) for HAL_NVIC_SetPriority
    tim.o(i.HAL_TIM_Base_MspInit) refers to stm32f4xx_hal_cortex.o(i.HAL_NVIC_EnableIRQ) for HAL_NVIC_EnableIRQ
    tim.o(i.HAL_TIM_Encoder_MspDeInit) refers to stm32f4xx_hal_gpio.o(i.HAL_GPIO_DeInit) for HAL_GPIO_DeInit
    tim.o(i.HAL_TIM_Encoder_MspInit) refers to memseta.o(.text) for __aeabi_memclr4
    tim.o(i.HAL_TIM_Encoder_MspInit) refers to stm32f4xx_hal_gpio.o(i.HAL_GPIO_Init) for HAL_GPIO_Init
    tim.o(i.HAL_TIM_MspPostInit) refers to memseta.o(.text) for __aeabi_memclr4
    tim.o(i.HAL_TIM_MspPostInit) refers to stm32f4xx_hal_gpio.o(i.HAL_GPIO_Init) for HAL_GPIO_Init
    tim.o(i.HAL_TIM_PeriodElapsedCallback) refers to odometry.o(i.update_position) for update_position
    tim.o(i.HAL_TIM_PeriodElapsedCallback) refers to motors.o(i.PWM_sign_change_counter) for PWM_sign_change_counter
    tim.o(i.HAL_TIM_PeriodElapsedCallback) refers to odometry.o(i.speed_calcul) for speed_calcul
    tim.o(i.HAL_TIM_PeriodElapsedCallback) refers to odometry.o(.data) for t
    tim.o(i.MX_TIM1_Init) refers to memseta.o(.text) for __aeabi_memclr4
    tim.o(i.MX_TIM1_Init) refers to stm32f4xx_hal_tim.o(i.HAL_TIM_PWM_Init) for HAL_TIM_PWM_Init
    tim.o(i.MX_TIM1_Init) refers to main.o(i.Error_Handler) for Error_Handler
[...]
    ../Src/usart.c                           0x00000000   Number         0  usart.o ABSOLUTE
    ../clib/../cmprslib/zerorunl2.c          0x00000000   Number         0  __dczerorl2.o ABSOLUTE
    ../clib/microlib/division.c              0x00000000   Number         0  uldiv.o ABSOLUTE
    ../clib/microlib/errno.c                 0x00000000   Number         0  errno.o ABSOLUTE
    ../clib/microlib/init/entry.s            0x00000000   Number         0  entry11b.o ABSOLUTE
    ../clib/microlib/init/entry.s            0x00000000   Number         0  entry11a.o ABSOLUTE
    ../clib/microlib/init/entry.s            0x00000000   Number         0  entry10b.o ABSOLUTE
    ../clib/microlib/init/entry.s            0x00000000   Number         0  entry9b.o ABSOLUTE
    ../clib/microlib/init/entry.s            0x00000000   Number         0  entry9a.o ABSOLUTE
    ../clib/microlib/init/entry.s            0x00000000   Number         0  entry8b.o ABSOLUTE
    ../clib/microlib/init/entry.s            0x00000000   Number         0  entry8a.o ABSOLUTE
    ../clib/microlib/init/entry.s            0x00000000   Number         0  entry.o ABSOLUTE
    ../clib/microlib/init/entry.s            0x00000000   Number         0  entry2.o ABSOLUTE
    ../clib/microlib/init/entry.s            0x00000000   Number         0  entry10a.o ABSOLUTE
    ../clib/microlib/init/entry.s            0x00000000   Number         0  entry5.o ABSOLUTE
    ../clib/microlib/init/entry.s            0x00000000   Number         0  entry7a.o ABSOLUTE
    ../clib/microlib/init/entry.s            0x00000000   Number         0  entry7b.o ABSOLUTE
    ../clib/microlib/longlong.c              0x00000000   Number         0  llushr.o ABSOLUTE
    ../clib/microlib/longlong.c              0x00000000   Number         0  llshl.o ABSOLUTE
    ../clib/microlib/longlong.c              0x00000000   Number         0  llsshr.o ABSOLUTE
    ../clib/microlib/malloc/malloc.c         0x00000000   Number         0  malloc.o ABSOLUTE
    ../clib/microlib/malloc/malloc.c         0x00000000   Number         0  mallocr.o ABSOLUTE
    ../clib/microlib/malloc/malloc.c         0x00000000   Number         0  malloca.o ABSOLUTE
    ../clib/microlib/malloc/malloc.c         0x00000000   Number         0  mallocra.o ABSOLUTE
    ../clib/microlib/malloc/mvars.c          0x00000000   Number         0  mvars.o ABSOLUTE
    ../clib/microlib/string/memcpy.c         0x00000000   Number         0  memcpya.o ABSOLUTE
    ../clib/microlib/string/memcpy.c         0x00000000   Number         0  memcpyb.o ABSOLUTE
    ../clib/microlib/string/memset.c         0x00000000   Number         0  memseta.o ABSOLUTE
    ../clib/microlib/stubs.s                 0x00000000   Number         0  iusefp.o ABSOLUTE
    ../fplib/microlib/d2f.c                  0x00000000   Number         0  d2f.o ABSOLUTE
    ../fplib/microlib/f2d.c                  0x00000000   Number         0  f2d.o ABSOLUTE
    ../fplib/microlib/fpadd.c                0x00000000   Number         0  dadd.o ABSOLUTE
    ../fplib/microlib/fpdiv.c                0x00000000   Number         0  ddiv.o ABSOLUTE
    ../fplib/microlib/fpepilogue.c           0x00000000   Number         0  fepilogue.o ABSOLUTE
    ../fplib/microlib/fpepilogue.c           0x00000000   Number         0  depilogue.o ABSOLUTE
    ../fplib/microlib/fpfix.c                0x00000000   Number         0  dfixi.o ABSOLUTE
    ../fplib/microlib/fpflt.c                0x00000000   Number         0  dfltui.o ABSOLUTE
    ../fplib/microlib/fpflt.c                0x00000000   Number         0  dflti.o ABSOLUTE
    ../fplib/microlib/fpmul.c                0x00000000   Number         0  dmul.o ABSOLUTE
    ../fplib/microlib/fpneg.c                0x00000000   Number         0  dneg.o ABSOLUTE
    ../fplib/microlib/fpscalb.c              0x00000000   Number         0  dscalb.o ABSOLUTE
    ../fplib/microlib/fpsqrt.c               0x00000000   Number         0  dsqrt.o ABSOLUTE
    ../mathlib/acosf.c                       0x00000000   Number         0  acosf_x.o ABSOLUTE
    ../mathlib/acosf.c                       0x00000000   Number         0  acosf.o ABSOLUTE
    ../mathlib/asin.c                        0x00000000   Number         0  asin_x.o ABSOLUTE
    ../mathlib/asin.c                        0x00000000   Number         0  asin.o ABSOLUTE
    ../mathlib/asinf.c                       0x00000000   Number         0  asinf_x.o ABSOLUTE
    ../mathlib/asinf.c                       0x00000000   Number         0  asinf.o ABSOLUTE
    ../mathlib/cos.c                         0x00000000   Number         0  cos_x.o ABSOLUTE
    ../mathlib/cos.c                         0x00000000   Number         0  cos.o ABSOLUTE
    ../mathlib/cos_i.c                       0x00000000   Number         0  cos_i.o ABSOLUTE
    ../mathlib/cosf.c                        0x00000000   Number         0  cosf.o ABSOLUTE
    ../mathlib/cosf.c                        0x00000000   Number         0  cosf_x.o ABSOLUTE
    ../mathlib/dunder.c                      0x00000000   Number         0  dunder.o ABSOLUTE
    ../mathlib/fabs.c                        0x00000000   Number         0  fabs.o ABSOLUTE
    ../mathlib/fpclassify.c                  0x00000000   Number         0  fpclassify.o ABSOLUTE
    ../mathlib/fpclassifyf.c                 0x00000000   Number         0  fpclassifyf.o ABSOLUTE
    ../mathlib/funder.c                      0x00000000   Number         0  funder.o ABSOLUTE
    ../mathlib/poly.c                        0x00000000   Number         0  poly.o ABSOLUTE
    ../mathlib/pow.c                         0x00000000   Number         0  pow.o ABSOLUTE
    ../mathlib/pow.c                         0x00000000   Number         0  pow_x.o ABSOLUTE
    ../mathlib/qnan.c                        0x00000000   Number         0  qnan.o ABSOLUTE
    ../mathlib/rred.c                        0x00000000   Number         0  rred.o ABSOLUTE
    ../mathlib/rredf.c                       0x00000000   Number         0  rredf.o ABSOLUTE
    ../mathlib/sin.c                         0x00000000   Number         0  sin.o ABSOLUTE
    ../mathlib/sin.c                         0x00000000   Number         0  sin_x.o ABSOLUTE
    ../mathlib/sin_i.c                       0x00000000   Number         0  sin_i.o ABSOLUTE
    ../mathlib/sin_i.c                       0x00000000   Number         0  sin_i_x.o ABSOLUTE
    ../mathlib/sinf.c                        0x00000000   Number         0  sinf_x.o ABSOLUTE
    ../mathlib/sinf.c                        0x00000000   Number         0  sinf.o ABSOLUTE
    ../mathlib/sqrt.c                        0x00000000   Number         0  sqrt_x.o ABSOLUTE
    ../mathlib/sqrt.c                        0x00000000   Number         0  sqrt.o ABSOLUTE
    ../mathlib/sqrtf.c                       0x00000000   Number         0  sqrtf_x.o ABSOLUTE
    ../mathlib/sqrtf.c                       0x00000000   Number         0  sqrtf.o ABSOLUTE
    ..\Drivers\STM32F4xx_HAL_Driver\Src\stm32f4xx_hal.c 0x00000000   Number         0  stm32f4xx_hal.o ABSOLUTE
    ..\Drivers\STM32F4xx_HAL_Driver\Src\stm32f4xx_hal_cortex.c 0x00000000   Number         0  stm32f4xx_hal_cortex.o ABSOLUTE
    ..\Drivers\STM32F4xx_HAL_Driver\Src\stm32f4xx_hal_dma.c 0x00000000   Number         0  stm32f4xx_hal_dma.o ABSOLUTE
    ..\Drivers\STM32F4xx_HAL_Driver\Src\stm32f4xx_hal_dma_ex.c 0x00000000   Number         0  stm32f4xx_hal_dma_ex.o ABSOLUTE
    ..\Drivers\STM32F4xx_HAL_Driver\Src\stm32f4xx_hal_exti.c 0x00000000   Number         0  stm32f4xx_hal_exti.o ABSOLUTE
    ..\Drivers\STM32F4xx_HAL_Driver\Src\stm32f4xx_hal_flash.c 0x00000000   Number         0  stm32f4xx_hal_flash.o ABSOLUTE
    ..\Drivers\STM32F4xx_HAL_Driver\Src\stm32f4xx_hal_flash_ex.c 0x00000000   Number         0  stm32f4xx_hal_flash_ex.o ABSOLUTE
    ..\Drivers\STM32F4xx_HAL_Driver\Src\stm32f4xx_hal_flash_ramfunc.c 0x00000000   Number         0  stm32f4xx_hal_flash_ramfunc.o ABSOLUTE
    ..\Drivers\STM32F4xx_HAL_Driver\Src\stm32f4xx_hal_gpio.c 0x00000000   Number         0  stm32f4xx_hal_gpio.o ABSOLUTE
    ..\Drivers\STM32F4xx_HAL_Driver\Src\stm32f4xx_hal_pwr.c 0x00000000   Number         0  stm32f4xx_hal_pwr.o ABSOLUTE
    ..\Drivers\STM32F4xx_HAL_Driver\Src\stm32f4xx_hal_pwr_ex.c 0x00000000   Number         0  stm32f4xx_hal_pwr_ex.o ABSOLUTE
    ..\Drivers\STM32F4xx_HAL_Driver\Src\stm32f4xx_hal_rcc.c 0x00000000   Number         0  stm32f4xx_hal_rcc.o ABSOLUTE
    ..\Drivers\STM32F4xx_HAL_Driver\Src\stm32f4xx_hal_rcc_ex.c 0x00000000   Number         0  stm32f4xx_hal_rcc_ex.o ABSOLUTE
    ..\Drivers\STM32F4xx_HAL_Driver\Src\stm32f4xx_hal_tim.c 0x00000000   Number         0  stm32f4xx_hal_tim.o ABSOLUTE
    ..\Drivers\STM32F4xx_HAL_Driver\Src\stm32f4xx_hal_tim_ex.c 0x00000000   Number         0  stm32f4xx_hal_tim_ex.o ABSOLUTE
    ..\Drivers\STM32F4xx_HAL_Driver\Src\stm32f4xx_hal_uart.c 0x00000000   Number         0  stm32f4xx_hal_uart.o ABSOLUTE
    ..\Src\gpio.c                            0x00000000   Number         0  gpio.o ABSOLUTE
    ..\Src\main.c                            0x00000000   Number         0  main.o ABSOLUTE
    ..\Src\stm32f4xx_hal_msp.c               0x00000000   Number         0  stm32f4xx_hal_msp.o ABSOLUTE
    ..\Src\stm32f4xx_it.c                    0x00000000   Number         0  stm32f4xx_it.o ABSOLUTE
    ..\Src\system_stm32f4xx.c                0x00000000   Number         0  system_stm32f4xx.o ABSOLUTE
    ..\Src\tim.c                             0x00000000   Number         0  tim.o ABSOLUTE
    ..\Src\usart.c                           0x00000000   Number         0  usart.o ABSOLUTE
    Motors.c                                 0x00000000   Number         0  motors.o ABSOLUTE
    Motors.c                                 0x00000000   Number         0  motors.o ABSOLUTE
    Odometry.c                               0x00000000   Number         0  odometry.o ABSOLUTE
    Odometry.c                               0x00000000   Number         0  odometry.o ABSOLUTE
    Robot_Navi_Euro20.c                      0x00000000   Number         0  robot_navi_euro20.o ABSOLUTE
    Robot_Navi_Euro20.c                      0x00000000   Number         0  robot_navi_euro20.o ABSOLUTE
    cdcmple.s                                0x00000000   Number         0  cdcmple.o ABSOLUTE
    cdrcmple.s                               0x00000000   Number         0  cdrcmple.o ABSOLUTE
    dc.s                                     0x00000000   Number         0  dc.o ABSOLUTE
    handlers.s                               0x00000000   Number         0  handlers.o ABSOLUTE
    init.s                                   0x00000000   Number         0  init.o ABSOLUTE
    startup_stm32f446xx.s                    0x00000000   Number         0  startup_stm32f446xx.o ABSOLUTE
    RESET                                    0x08000000   Section      452  startup_stm32f446xx.o(RESET)
    .ARM.Collect$$$$00000000                 0x080001c4   Section        0  entry.o(.ARM.Collect$$$$00000000)
    .ARM.Collect$$$$00000001                 0x080001c4   Section        4  entry2.o(.ARM.Collect$$$$00000001)
    .ARM.Collect$$$$00000004                 0x080001c8   Section        4  entry5.o(.ARM.Collect$$$$00000004)
    .ARM.Collect$$$$00000008                 0x080001cc   Section        0  entry7b.o(.ARM.Collect$$$$00000008)
    .ARM.Collect$$$$0000000A                 0x080001cc   Section        0  entry8b.o(.ARM.Collect$$$$0000000A)
    .ARM.Collect$$$$0000000B                 0x080001cc   Section        8  entry9a.o(.ARM.Collect$$$$0000000B)
    .ARM.Collect$$$$0000000D                 0x080001d4   Section        0  entry10a.o(.ARM.Collect$$$$0000000D)
    .ARM.Collect$$$$0000000F                 0x080001d4   Section        0  entry11a.o(.ARM.Collect$$$$0000000F)
    .ARM.Collect$$$$00002712                 0x080001d4   Section        4  entry2.o(.ARM.Collect$$$$00002712)
    __lit__00000000                          0x080001d4   Data           4  entry2.o(.ARM.Collect$$$$00002712)
    .text                                    0x080001d8   Section       36  startup_stm32f446xx.o(.text)
    $v0                                      0x080001d8   Number         0  startup_stm32f446xx.o(.text)
    .text                                    0x080001fc   Section        0  uldiv.o(.text)
    .text                                    0x0800025e   Section        0  memseta.o(.text)
    .text                                    0x08000282   Section        0  dadd.o(.text)
    .text                                    0x080003d0   Section        0  dmul.o(.text)
    .text                                    0x080004b4   Section        0  ddiv.o(.text)
    .text                                    0x08000592   Section        0  dflti.o(.text)
    .text                                    0x080005b4   Section        0  dfixi.o(.text)
    .text                                    0x080005f2   Section        0  f2d.o(.text)
    .text                                    0x08000618   Section       48  cdcmple.o(.text)
    .text                                    0x08000648   Section       48  cdrcmple.o(.text)
    .text                                    0x08000678   Section        0  d2f.o(.text)
    .text                                    0x080006b0   Section        0  llshl.o(.text)
    .text                                    0x080006ce   Section        0  llushr.o(.text)
    .text                                    0x080006ee   Section        0  llsshr.o(.text)
    .text                                    0x08000712   Section        0  iusefp.o(.text)
    .text                                    0x08000712   Section        0  fepilogue.o(.text)
    .text                                    0x08000780   Section        0  depilogue.o(.text)
    .text                                    0x0800083c   Section       36  init.o(.text)
    .text                                    0x08000860   Section        0  dfltui.o(.text)
    .text                                    0x0800087a   Section        0  __dczerorl2.o(.text)
    i.BusFault_Handler                       0x080008d0   Section        0  stm32f4xx_it.o(i.BusFault_Handler)
    i.DebugMon_Handler                       0x080008d2   Section        0  stm32f4xx_it.o(i.DebugMon_Handler)
    i.Error_Handler                          0x080008d4   Section        0  main.o(i.Error_Handler)
    i.HAL_Delay                              0x080008d8   Section        0  stm32f4xx_hal.o(i.HAL_Delay)
    i.HAL_GPIO_Init                          0x080008fc   Section        0  stm32f4xx_hal_gpio.o(i.HAL_GPIO_Init)
    i.HAL_GetTick                            0x08000aa4   Section        0  stm32f4xx_hal.o(i.HAL_GetTick)
    i.HAL_IncTick                            0x08000ab0   Section        0  stm32f4xx_hal.o(i.HAL_IncTick)
    i.HAL_Init                               0x08000ac0   Section        0  stm32f4xx_hal.o(i.HAL_Init)
    i.HAL_InitTick                           0x08000af4   Section        0  stm32f4xx_hal.o(i.HAL_InitTick)
    i.HAL_MspInit                            0x08000b34   Section        0  stm32f4xx_hal_msp.o(i.HAL_MspInit)
    i.HAL_NVIC_EnableIRQ                     0x08000b68   Section        0  stm32f4xx_hal_cortex.o(i.HAL_NVIC_EnableIRQ)
    i.HAL_NVIC_SetPriority                   0x08000b84   Section        0  stm32f4xx_hal_cortex.o(i.HAL_NVIC_SetPriority)
    i.HAL_NVIC_SetPriorityGrouping           0x08000bc4   Section        0  stm32f4xx_hal_cortex.o(i.HAL_NVIC_SetPriorityGrouping)
    i.HAL_PWREx_EnableOverDrive              0x08000be8   Section        0  stm32f4xx_hal_pwr_ex.o(i.HAL_PWREx_EnableOverDrive)
    i.HAL_RCC_ClockConfig                    0x08000c58   Section        0  stm32f4xx_hal_rcc.o(i.HAL_RCC_ClockConfig)
    i.HAL_RCC_GetPCLK1Freq                   0x08000d8c   Section        0  stm32f4xx_hal_rcc.o(i.HAL_RCC_GetPCLK1Freq)
    i.HAL_RCC_GetPCLK2Freq                   0x08000dac   Section        0  stm32f4xx_hal_rcc.o(i.HAL_RCC_GetPCLK2Freq)
    i.HAL_RCC_GetSysClockFreq                0x08000dcc   Section        0  stm32f4xx_hal_rcc_ex.o(i.HAL_RCC_GetSysClockFreq)
    i.HAL_RCC_OscConfig                      0x08000e60   Section        0  stm32f4xx_hal_rcc_ex.o(i.HAL_RCC_OscConfig)
    i.HAL_SYSTICK_Config                     0x080011a4   Section        0  stm32f4xx_hal_cortex.o(i.HAL_SYSTICK_Config)
    i.HAL_TIMEx_BreakCallback                0x080011cc   Section        0  stm32f4xx_hal_tim_ex.o(i.HAL_TIMEx_BreakCallback)
    i.HAL_TIMEx_CommutCallback               0x080011ce   Section        0  stm32f4xx_hal_tim_ex.o(i.HAL_TIMEx_CommutCallback)
    i.HAL_TIMEx_ConfigBreakDeadTime          0x080011d0   Section        0  stm32f4xx_hal_tim_ex.o(i.HAL_TIMEx_ConfigBreakDeadTime)
    i.HAL_TIMEx_MasterConfigSynchronization  0x08001224   Section        0  stm32f4xx_hal_tim_ex.o(i.HAL_TIMEx_MasterConfigSynchronization)
    i.HAL_TIM_Base_Init                      0x080012b4   Section        0  stm32f4xx_hal_tim.o(i.HAL_TIM_Base_Init)
    i.HAL_TIM_Base_MspInit                   0x080012ec   Section        0  tim.o(i.HAL_TIM_Base_MspInit)
    i.HAL_TIM_Base_Start_IT                  0x08001328   Section        0  stm32f4xx_hal_tim.o(i.HAL_TIM_Base_Start_IT)
    i.HAL_TIM_Encoder_Init                   0x0800134a   Section        0  stm32f4xx_hal_tim.o(i.HAL_TIM_Encoder_Init)
    i.HAL_TIM_Encoder_MspInit                0x080013e4   Section        0  tim.o(i.HAL_TIM_Encoder_MspInit)
    i.HAL_TIM_Encoder_Start                  0x08001488   Section        0  stm32f4xx_hal_tim.o(i.HAL_TIM_Encoder_Start)
    i.HAL_TIM_IC_CaptureCallback             0x080014bc   Section        0  stm32f4xx_hal_tim.o(i.HAL_TIM_IC_CaptureCallback)
    i.HAL_TIM_IRQHandler                     0x080014be   Section        0  stm32f4xx_hal_tim.o(i.HAL_TIM_IRQHandler)
    i.HAL_TIM_MspPostInit                    0x08001624   Section        0  tim.o(i.HAL_TIM_MspPostInit)
    i.HAL_TIM_OC_DelayElapsedCallback        0x08001678   Section        0  stm32f4xx_hal_tim.o(i.HAL_TIM_OC_DelayElapsedCallback)
    i.HAL_TIM_PWM_ConfigChannel              0x0800167a   Section        0  stm32f4xx_hal_tim.o(i.HAL_TIM_PWM_ConfigChannel)
    i.HAL_TIM_PWM_Init                       0x0800174a   Section        0  stm32f4xx_hal_tim.o(i.HAL_TIM_PWM_Init)
    i.HAL_TIM_PWM_MspInit                    0x08001780   Section        0  tim.o(i.HAL_TIM_PWM_MspInit)
    i.HAL_TIM_PWM_PulseFinishedCallback      0x080017a8   Section        0  stm32f4xx_hal_tim.o(i.HAL_TIM_PWM_PulseFinishedCallback)
    i.HAL_TIM_PWM_Start                      0x080017ac   Section        0  stm32f4xx_hal_tim.o(i.HAL_TIM_PWM_Start)
    i.HAL_TIM_PeriodElapsedCallback          0x080017f0   Section        0  tim.o(i.HAL_TIM_PeriodElapsedCallback)
    i.HAL_TIM_TriggerCallback                0x08001828   Section        0  stm32f4xx_hal_tim.o(i.HAL_TIM_TriggerCallback)
    i.HAL_UART_Init                          0x0800182a   Section        0  stm32f4xx_hal_uart.o(i.HAL_UART_Init)
    i.HAL_UART_MspInit                       0x0800188c   Section        0  usart.o(i.HAL_UART_MspInit)
    i.HAL_UART_Transmit                      0x080018f4   Section        0  stm32f4xx_hal_uart.o(i.HAL_UART_Transmit)
    i.HardFault_Handler                      0x080019ae   Section        0  stm32f4xx_it.o(i.HardFault_Handler)
    i.MX_GPIO_Init                           0x080019b0   Section        0  gpio.o(i.MX_GPIO_Init)
    i.MX_TIM1_Init                           0x080019dc   Section        0  tim.o(i.MX_TIM1_Init)
    i.MX_TIM3_Init                           0x08001aac   Section        0  tim.o(i.MX_TIM3_Init)
    i.MX_TIM4_Init                           0x08001b18   Section        0  tim.o(i.MX_TIM4_Init)
    i.MX_TIM7_Init                           0x08001b84   Section        0  tim.o(i.MX_TIM7_Init)
    i.MX_UART4_Init                          0x08001bc8   Section        0  usart.o(i.MX_UART4_Init)
    i.MemManage_Handler                      0x08001c00   Section        0  stm32f4xx_it.o(i.MemManage_Handler)
    i.NMI_Handler                            0x08001c02   Section        0  stm32f4xx_it.o(i.NMI_Handler)
    i.PWM_sign_change_counter                0x08001c04   Section        0  motors.o(i.PWM_sign_change_counter)
    i.PendSV_Handler                         0x08001c3c   Section        0  stm32f4xx_it.o(i.PendSV_Handler)
    i.Robot_Locate                           0x08001c40   Section        0  robot_navi_euro20.o(i.Robot_Locate)
    i.SVC_Handler                            0x08001d60   Section        0  stm32f4xx_it.o(i.SVC_Handler)
    i.SysTick_Handler                        0x08001d62   Section        0  stm32f4xx_it.o(i.SysTick_Handler)
    i.SystemClock_Config                     0x08001d68   Section        0  main.o(i.SystemClock_Config)
    i.SystemInit                             0x08001df0   Section        0  system_stm32f4xx.o(i.SystemInit)
    i.TIM7_IRQHandler                        0x08001e44   Section        0  stm32f4xx_it.o(i.TIM7_IRQHandler)
    i.TIM_Base_SetConfig                     0x08001e50   Section        0  stm32f4xx_hal_tim.o(i.TIM_Base_SetConfig)
    i.TIM_CCxChannelCmd                      0x08001f18   Section        0  stm32f4xx_hal_tim.o(i.TIM_CCxChannelCmd)
    i.TIM_OC1_SetConfig                      0x08001f34   Section        0  stm32f4xx_hal_tim.o(i.TIM_OC1_SetConfig)
    TIM_OC1_SetConfig                        0x08001f35   Thumb Code    88  stm32f4xx_hal_tim.o(i.TIM_OC1_SetConfig)
    i.TIM_OC2_SetConfig                      0x08001f94   Section        0  stm32f4xx_hal_tim.o(i.TIM_OC2_SetConfig)
    i.TIM_OC3_SetConfig                      0x08002000   Section        0  stm32f4xx_hal_tim.o(i.TIM_OC3_SetConfig)
    TIM_OC3_SetConfig                        0x08002001   Thumb Code    96  stm32f4xx_hal_tim.o(i.TIM_OC3_SetConfig)
    i.TIM_OC4_SetConfig                      0x08002068   Section        0  stm32f4xx_hal_tim.o(i.TIM_OC4_SetConfig)
    TIM_OC4_SetConfig                        0x08002069   Thumb Code    70  stm32f4xx_hal_tim.o(i.TIM_OC4_SetConfig)
    i.UART_SetConfig                         0x080020b8   Section        0  stm32f4xx_hal_uart.o(i.UART_SetConfig)
    UART_SetConfig                           0x080020b9   Thumb Code   286  stm32f4xx_hal_uart.o(i.UART_SetConfig)
    i.UART_WaitOnFlagUntilTimeout            0x080021e0   Section        0  stm32f4xx_hal_uart.o(i.UART_WaitOnFlagUntilTimeout)
    UART_WaitOnFlagUntilTimeout              0x080021e1   Thumb Code   100  stm32f4xx_hal_uart.o(i.UART_WaitOnFlagUntilTimeout)
    i.UsageFault_Handler                     0x08002244   Section        0  stm32f4xx_it.o(i.UsageFault_Handler)
    i.__ARM_fpclassify                       0x08002246   Section        0  fpclassify.o(i.__ARM_fpclassify)
    i.__ARM_fpclassifyf                      0x08002276   Section        0  fpclassifyf.o(i.__ARM_fpclassifyf)
    i.__NVIC_SetPriority                     0x0800229c   Section        0  stm32f4xx_hal_cortex.o(i.__NVIC_SetPriority)
    __NVIC_SetPriority                       0x0800229d   Thumb Code    32  stm32f4xx_hal_cortex.o(i.__NVIC_SetPriority)
    i.__hardfp_acosf                         0x080022bc   Section        0  acosf.o(i.__hardfp_acosf)
    i.__hardfp_asinf                         0x080023d4   Section        0  asinf.o(i.__hardfp_asinf)
    i.__hardfp_cos                           0x08002500   Section        0  cos.o(i.__hardfp_cos)
    i.__hardfp_sin                           0x080025c8   Section        0  sin.o(i.__hardfp_sin)
    i.__hardfp_sqrtf                         0x08002690   Section        0  sqrtf.o(i.__hardfp_sqrtf)
    i.__ieee754_rem_pio2                     0x080026d0   Section        0  rred.o(i.__ieee754_rem_pio2)
    i.__kernel_cos                           0x08002b08   Section        0  cos_i.o(i.__kernel_cos)
    i.__kernel_poly                          0x08002c78   Section        0  poly.o(i.__kernel_poly)
    i.__kernel_sin                           0x08002d70   Section        0  sin_i.o(i.__kernel_sin)
    i.__mathlib_dbl_infnan                   0x08002ea0   Section        0  dunder.o(i.__mathlib_dbl_infnan)
    i.__mathlib_dbl_invalid                  0x08002eb8   Section        0  dunder.o(i.__mathlib_dbl_invalid)
    i.__mathlib_dbl_underflow                0x08002ed8   Section        0  dunder.o(i.__mathlib_dbl_underflow)
    i.__mathlib_flt_infnan                   0x08002ef8   Section        0  funder.o(i.__mathlib_flt_infnan)
    i.__mathlib_flt_invalid                  0x08002f00   Section        0  funder.o(i.__mathlib_flt_invalid)
    i.__mathlib_flt_underflow                0x08002f10   Section        0  funder.o(i.__mathlib_flt_underflow)
    i.__scatterload_copy                     0x08002f20   Section       14  handlers.o(i.__scatterload_copy)
    i.__scatterload_null                     0x08002f2e   Section        2  handlers.o(i.__scatterload_null)
    i.__scatterload_zeroinit                 0x08002f30   Section       14  handlers.o(i.__scatterload_zeroinit)
    i.__set_errno                            0x08002f40   Section        0  errno.o(i.__set_errno)
    i.fabs                                   0x08002f4c   Section        0  fabs.o(i.fabs)
    i.init                                   0x08002f64   Section        0  robot_navi_euro20.o(i.init)
    i.main                                   0x08002fc0   Section        0  main.o(i.main)
    i.move_distance                          0x0800313c   Section        0  robot_navi_euro20.o(i.move_distance)
    i.orientate                              0x080034a8   Section        0  robot_navi_euro20.o(i.orientate)
    i.rad_to_deg                             0x080034f8   Section        0  odometry.o(i.rad_to_deg)
    i.read_left_encoder                      0x08003530   Section        0  odometry.o(i.read_left_encoder)
    i.read_right_encoder                     0x08003580   Section        0  odometry.o(i.read_right_encoder)
    i.rotate                                 0x080035d0   Section        0  robot_navi_euro20.o(i.rotate)
    i.run_motors                             0x08003964   Section        0  motors.o(i.run_motors)
    i.set_PWM_min                            0x08003ac4   Section        0  motors.o(i.set_PWM_min)
    i.set_dimentions                         0x08003ad4   Section        0  odometry.o(i.set_dimentions)
    i.set_left_encoder                       0x08003af0   Section        0  odometry.o(i.set_left_encoder)
    i.set_motors                             0x08003b14   Section        0  motors.o(i.set_motors)
    i.set_right_encoder                      0x08003b4c   Section        0  odometry.o(i.set_right_encoder)
    i.speed_calcul                           0x08003b70   Section        0  odometry.o(i.speed_calcul)
    i.sqrtf                                  0x08003cd0   Section        0  sqrtf.o(i.sqrtf)
    i.stop_motors                            0x08003d10   Section        0  motors.o(i.stop_motors)
    i.ticks_to_distance                      0x08003d2c   Section        0  odometry.o(i.ticks_to_distance)
    i.update_position                        0x08003d58   Section        0  odometry.o(i.update_position)
    .constdata                               0x08004004   Section       16  system_stm32f4xx.o(.constdata)
    .constdata                               0x08004014   Section        8  system_stm32f4xx.o(.constdata)
    .constdata                               0x08004020   Section       48  cos_i.o(.constdata)
    C                                        0x08004020   Data          48  cos_i.o(.constdata)
    .constdata                               0x08004050   Section      200  rred.o(.constdata)
    pio2s                                    0x08004050   Data          48  rred.o(.constdata)
    twooverpi                                0x08004080   Data         152  rred.o(.constdata)
    .constdata                               0x08004118   Section       40  sin_i.o(.constdata)
    S                                        0x08004118   Data          40  sin_i.o(.constdata)
    .data                                    0x20000000   Section       12  stm32f4xx_hal.o(.data)
    .data                                    0x2000000c   Section        4  system_stm32f4xx.o(.data)
    .data                                    0x20000010   Section      208  odometry.o(.data)
    .data                                    0x200000e0   Section       72  motors.o(.data)
    .data                                    0x20000128   Section      248  robot_navi_euro20.o(.data)
    .data                                    0x20000220   Section        4  errno.o(.data)
    _errno                                   0x20000220   Data           4  errno.o(.data)
    .bss                                     0x20000224   Section      256  tim.o(.bss)
    .bss                                     0x20000324   Section       64  usart.o(.bss)
    STACK                                    0x20000368   Section     1024  startup_stm32f446xx.o(STACK)

    Global Symbols

    Symbol Name                              Value     Ov Type        Size  Object(Section)

    BuildAttributes$$THM_ISAv4$E$P$D$K$B$S$7EM$VFPi3$EXTD16$VFPS$VFMA$PE$A:L22UL41UL21$X:L11$S22US41US21$IEEE1$IW$USESV6$~STKCKD$USESV7$~SHL$OTIME$ROPI$IEEEX$EBA8$MICROLIB$REQ8$PRES8$EABIv2 0x00000000   Number         0  anon$$obj.o ABSOLUTE
    __ARM_use_no_argv                        0x00000000   Number         0  main.o ABSOLUTE
    __cpp_initialize__aeabi_                  - Undefined Weak Reference
    __cxa_finalize                            - Undefined Weak Reference
    _clock_init                               - Undefined Weak Reference
    _microlib_exit                            - Undefined Weak Reference
    __Vectors_Size                           0x000001c4   Number         0  startup_stm32f446xx.o ABSOLUTE
    __Vectors                                0x08000000   Data           4  startup_stm32f446xx.o(RESET)
    __Vectors_End                            0x080001c4   Data           0  startup_stm32f446xx.o(RESET)
    __main                                   0x080001c5   Thumb Code     0  entry.o(.ARM.Collect$$$$00000000)
    _main_stk                                0x080001c5   Thumb Code     0  entry2.o(.ARM.Collect$$$$00000001)
    _main_scatterload                        0x080001c9   Thumb Code     0  entry5.o(.ARM.Collect$$$$00000004)
    __main_after_scatterload                 0x080001cd   Thumb Code     0  entry5.o(.ARM.Collect$$$$00000004)
    _main_clock                              0x080001cd   Thumb Code     0  entry7b.o(.ARM.Collect$$$$00000008)
    _main_cpp_init                           0x080001cd   Thumb Code     0  entry8b.o(.ARM.Collect$$$$0000000A)
    _main_init                               0x080001cd   Thumb Code     0  entry9a.o(.ARM.Collect$$$$0000000B)
    __rt_final_cpp                           0x080001d5   Thumb Code     0  entry10a.o(.ARM.Collect$$$$0000000D)
    __rt_final_exit                          0x080001d5   Thumb Code     0  entry11a.o(.ARM.Collect$$$$0000000F)
    Reset_Handler                            0x080001d9   Thumb Code     8  startup_stm32f446xx.o(.text)
    ADC_IRQHandler                           0x080001f3   Thumb Code     0  startup_stm32f446xx.o(.text)
    CAN1_RX0_IRQHandler                      0x080001f3   Thumb Code     0  startup_stm32f446xx.o(.text)
    CAN1_RX1_IRQHandler                      0x080001f3   Thumb Code     0  startup_stm32f446xx.o(.text)
    CAN1_SCE_IRQHandler                      0x080001f3   Thumb Code     0  startup_stm32f446xx.o(.text)
    CAN1_TX_IRQHandler                       0x080001f3   Thumb Code     0  startup_stm32f446xx.o(.text)
    CAN2_RX0_IRQHandler                      0x080001f3   Thumb Code     0  startup_stm32f446xx.o(.text)
    CAN2_RX1_IRQHandler                      0x080001f3   Thumb Code     0  startup_stm32f446xx.o(.text)
    CAN2_SCE_IRQHandler                      0x080001f3   Thumb Code     0  startup_stm32f446xx.o(.text)
    CAN2_TX_IRQHandler                       0x080001f3   Thumb Code     0  startup_stm32f446xx.o(.text)
    CEC_IRQHandler                           0x080001f3   Thumb Code     0  startup_stm32f446xx.o(.text)
    DCMI_IRQHandler                          0x080001f3   Thumb Code     0  startup_stm32f446xx.o(.text)
    DMA1_Stream0_IRQHandler                  0x080001f3   Thumb Code     0  startup_stm32f446xx.o(.text)
    DMA1_Stream1_IRQHandler                  0x080001f3   Thumb Code     0  startup_stm32f446xx.o(.text)
    DMA1_Stream2_IRQHandler                  0x080001f3   Thumb Code     0  startup_stm32f446xx.o(.text)
    DMA1_Stream3_IRQHandler                  0x080001f3   Thumb Code     0  startup_stm32f446xx.o(.text)
    DMA1_Stream4_IRQHandler                  0x080001f3   Thumb Code     0  startup_stm32f446xx.o(.text)
    DMA1_Stream5_IRQHandler                  0x080001f3   Thumb Code     0  startup_stm32f446xx.o(.text)
    DMA1_Stream6_IRQHandler                  0x080001f3   Thumb Code     0  startup_stm32f446xx.o(.text)
    DMA1_Stream7_IRQHandler                  0x080001f3   Thumb Code     0  startup_stm32f446xx.o(.text)
    DMA2_Stream0_IRQHandler                  0x080001f3   Thumb Code     0  startup_stm32f446xx.o(.text)
    DMA2_Stream1_IRQHandler                  0x080001f3   Thumb Code     0  startup_stm32f446xx.o(.text)
    DMA2_Stream2_IRQHandler                  0x080001f3   Thumb Code     0  startup_stm32f446xx.o(.text)
    DMA2_Stream3_IRQHandler                  0x080001f3   Thumb Code     0  startup_stm32f446xx.o(.text)
    DMA2_Stream4_IRQHandler                  0x080001f3   Thumb Code     0  startup_stm32f446xx.o(.text)
    DMA2_Stream5_IRQHandler                  0x080001f3   Thumb Code     0  startup_stm32f446xx.o(.text)
    DMA2_Stream6_IRQHandler                  0x080001f3   Thumb Code     0  startup_stm32f446xx.o(.text)
    DMA2_Stream7_IRQHandler                  0x080001f3   Thumb Code     0  startup_stm32f446xx.o(.text)
    EXTI0_IRQHandler                         0x080001f3   Thumb Code     0  startup_stm32f446xx.o(.text)
    EXTI15_10_IRQHandler                     0x080001f3   Thumb Code     0  startup_stm32f446xx.o(.text)
    EXTI1_IRQHandler                         0x080001f3   Thumb Code     0  startup_stm32f446xx.o(.text)
    EXTI2_IRQHandler                         0x080001f3   Thumb Code     0  startup_stm32f446xx.o(.text)
    EXTI3_IRQHandler                         0x080001f3   Thumb Code     0  startup_stm32f446xx.o(.text)
    EXTI4_IRQHandler                         0x080001f3   Thumb Code     0  startup_stm32f446xx.o(.text)
    EXTI9_5_IRQHandler                       0x080001f3   Thumb Code     0  startup_stm32f446xx.o(.text)
    FLASH_IRQHandler                         0x080001f3   Thumb Code     0  startup_stm32f446xx.o(.text)
    FMC_IRQHandler                           0x080001f3   Thumb Code     0  startup_stm32f446xx.o(.text)
    FMPI2C1_ER_IRQHandler                    0x080001f3   Thumb Code     0  startup_stm32f446xx.o(.text)
    FMPI2C1_EV_IRQHandler                    0x080001f3   Thumb Code     0  startup_stm32f446xx.o(.text)
    FPU_IRQHandler                           0x080001f3   Thumb Code     0  startup_stm32f446xx.o(.text)
    I2C1_ER_IRQHandler                       0x080001f3   Thumb Code     0  startup_stm32f446xx.o(.text)
    I2C1_EV_IRQHandler                       0x080001f3   Thumb Code     0  startup_stm32f446xx.o(.text)
    I2C2_ER_IRQHandler                       0x080001f3   Thumb Code     0  startup_stm32f446xx.o(.text)
    I2C2_EV_IRQHandler                       0x080001f3   Thumb Code     0  startup_stm32f446xx.o(.text)
    I2C3_ER_IRQHandler                       0x080001f3   Thumb Code     0  startup_stm32f446xx.o(.text)
    I2C3_EV_IRQHandler                       0x080001f3   Thumb Code     0  startup_stm32f446xx.o(.text)
    OTG_FS_IRQHandler                        0x080001f3   Thumb Code     0  startup_stm32f446xx.o(.text)
    OTG_FS_WKUP_IRQHandler                   0x080001f3   Thumb Code     0  startup_stm32f446xx.o(.text)
    OTG_HS_EP1_IN_IRQHandler                 0x080001f3   Thumb Code     0  startup_stm32f446xx.o(.text)
    OTG_HS_EP1_OUT_IRQHandler                0x080001f3   Thumb Code     0  startup_stm32f446xx.o(.text)
    OTG_HS_IRQHandler                        0x080001f3   Thumb Code     0  startup_stm32f446xx.o(.text)
    OTG_HS_WKUP_IRQHandler                   0x080001f3   Thumb Code     0  startup_stm32f446xx.o(.text)
    PVD_IRQHandler                           0x080001f3   Thumb Code     0  startup_stm32f446xx.o(.text)
    QUADSPI_IRQHandler                       0x080001f3   Thumb Code     0  startup_stm32f446xx.o(.text)
    RCC_IRQHandler                           0x080001f3   Thumb Code     0  startup_stm32f446xx.o(.text)
    RTC_Alarm_IRQHandler                     0x080001f3   Thumb Code     0  startup_stm32f446xx.o(.text)
    RTC_WKUP_IRQHandler                      0x080001f3   Thumb Code     0  startup_stm32f446xx.o(.text)
    SAI1_IRQHandler                          0x080001f3   Thumb Code     0  startup_stm32f446xx.o(.text)
    SAI2_IRQHandler                          0x080001f3   Thumb Code     0  startup_stm32f446xx.o(.text)
    SDIO_IRQHandler                          0x080001f3   Thumb Code     0  startup_stm32f446xx.o(.text)
    SPDIF_RX_IRQHandler                      0x080001f3   Thumb Code     0  startup_stm32f446xx.o(.text)
    SPI1_IRQHandler                          0x080001f3   Thumb Code     0  startup_stm32f446xx.o(.text)
    SPI2_IRQHandler                          0x080001f3   Thumb Code     0  startup_stm32f446xx.o(.text)
    SPI3_IRQHandler                          0x080001f3   Thumb Code     0  startup_stm32f446xx.o(.text)
    SPI4_IRQHandler                          0x080001f3   Thumb Code     0  startup_stm32f446xx.o(.text)
    TAMP_STAMP_IRQHandler                    0x080001f3   Thumb Code     0  startup_stm32f446xx.o(.text)
    TIM1_BRK_TIM9_IRQHandler                 0x080001f3   Thumb Code     0  startup_stm32f446xx.o(.text)
    TIM1_CC_IRQHandler                       0x080001f3   Thumb Code     0  startup_stm32f446xx.o(.text)
    TIM1_TRG_COM_TIM11_IRQHandler            0x080001f3   Thumb Code     0  startup_stm32f446xx.o(.text)
    TIM1_UP_TIM10_IRQHandler                 0x080001f3   Thumb Code     0  startup_stm32f446xx.o(.text)
    TIM2_IRQHandler                          0x080001f3   Thumb Code     0  startup_stm32f446xx.o(.text)
    TIM3_IRQHandler                          0x080001f3   Thumb Code     0  startup_stm32f446xx.o(.text)
    TIM4_IRQHandler                          0x080001f3   Thumb Code     0  startup_stm32f446xx.o(.text)
    TIM5_IRQHandler                          0x080001f3   Thumb Code     0  startup_stm32f446xx.o(.text)
    TIM6_DAC_IRQHandler                      0x080001f3   Thumb Code     0  startup_stm32f446xx.o(.text)
    TIM8_BRK_TIM12_IRQHandler                0x080001f3   Thumb Code     0  startup_stm32f446xx.o(.text)
    TIM8_CC_IRQHandler                       0x080001f3   Thumb Code     0  startup_stm32f446xx.o(.text)
    TIM8_TRG_COM_TIM14_IRQHandler            0x080001f3   Thumb Code     0  startup_stm32f446xx.o(.text)
    TIM8_UP_TIM13_IRQHandler                 0x080001f3   Thumb Code     0  startup_stm32f446xx.o(.text)
    UART4_IRQHandler                         0x080001f3   Thumb Code     0  startup_stm32f446xx.o(.text)
    UART5_IRQHandler                         0x080001f3   Thumb Code     0  startup_stm32f446xx.o(.text)
    USART1_IRQHandler                        0x080001f3   Thumb Code     0  startup_stm32f446xx.o(.text)
    USART2_IRQHandler                        0x080001f3   Thumb Code     0  startup_stm32f446xx.o(.text)
    USART3_IRQHandler                        0x080001f3   Thumb Code     0  startup_stm32f446xx.o(.text)
    USART6_IRQHandler                        0x080001f3   Thumb Code     0  startup_stm32f446xx.o(.text)
    WWDG_IRQHandler                          0x080001f3   Thumb Code     0  startup_stm32f446xx.o(.text)
    __aeabi_uldivmod                         0x080001fd   Thumb Code    98  uldiv.o(.text)
    __aeabi_memset                           0x0800025f   Thumb Code    14  memseta.o(.text)
    __aeabi_memset4                          0x0800025f   Thumb Code     0  memseta.o(.text)
    __aeabi_memset8                          0x0800025f   Thumb Code     0  memseta.o(.text)
    __aeabi_memclr                           0x0800026d   Thumb Code     4  memseta.o(.text)
    __aeabi_memclr4                          0x0800026d   Thumb Code     0  memseta.o(.text)
    __aeabi_memclr8                          0x0800026d   Thumb Code     0  memseta.o(.text)
    _memset$wrapper                          0x08000271   Thumb Code    18  memseta.o(.text)
    __aeabi_dadd                             0x08000283   Thumb Code   322  dadd.o(.text)
    __aeabi_dsub                             0x080003c5   Thumb Code     6  dadd.o(.text)
    __aeabi_drsub                            0x080003cb   Thumb Code     6  dadd.o(.text)
    __aeabi_dmul                             0x080003d1   Thumb Code   228  dmul.o(.text)
    __aeabi_ddiv                             0x080004b5   Thumb Code   222  ddiv.o(.text)
    __aeabi_i2d                              0x08000593   Thumb Code    34  dflti.o(.text)
    __aeabi_d2iz                             0x080005b5   Thumb Code    62  dfixi.o(.text)
    __aeabi_f2d                              0x080005f3   Thumb Code    38  f2d.o(.text)
    __aeabi_cdcmpeq                          0x08000619   Thumb Code     0  cdcmple.o(.text)
    __aeabi_cdcmple                          0x08000619   Thumb Code    48  cdcmple.o(.text)
    __aeabi_cdrcmple                         0x08000649   Thumb Code    48  cdrcmple.o(.text)
    __aeabi_d2f                              0x08000679   Thumb Code    56  d2f.o(.text)
    __aeabi_llsl                             0x080006b1   Thumb Code    30  llshl.o(.text)
    _ll_shift_l                              0x080006b1   Thumb Code     0  llshl.o(.text)
    __aeabi_llsr                             0x080006cf   Thumb Code    32  llushr.o(.text)
    _ll_ushift_r                             0x080006cf   Thumb Code     0  llushr.o(.text)
    __aeabi_lasr                             0x080006ef   Thumb Code    36  llsshr.o(.text)
    _ll_sshift_r                             0x080006ef   Thumb Code     0  llsshr.o(.text)
    __I$use$fp                               0x08000713   Thumb Code     0  iusefp.o(.text)
    _float_round                             0x08000713   Thumb Code    18  fepilogue.o(.text)
    _float_epilogue                          0x08000725   Thumb Code    92  fepilogue.o(.text)
    _double_round                            0x08000781   Thumb Code    30  depilogue.o(.text)
    _double_epilogue                         0x0800079f   Thumb Code   156  depilogue.o(.text)
    __scatterload                            0x0800083d   Thumb Code    28  init.o(.text)
    __scatterload_rt2                        0x0800083d   Thumb Code     0  init.o(.text)
    __aeabi_ui2d                             0x08000861   Thumb Code    26  dfltui.o(.text)
    __decompress                             0x0800087b   Thumb Code     0  __dczerorl2.o(.text)
    __decompress1                            0x0800087b   Thumb Code    86  __dczerorl2.o(.text)
    BusFault_Handler                         0x080008d1   Thumb Code     2  stm32f4xx_it.o(i.BusFault_Handler)
    DebugMon_Handler                         0x080008d3   Thumb Code     2  stm32f4xx_it.o(i.DebugMon_Handler)
    Error_Handler                            0x080008d5   Thumb Code     2  main.o(i.Error_Handler)
    HAL_Delay                                0x080008d9   Thumb Code    32  stm32f4xx_hal.o(i.HAL_Delay)
    HAL_GPIO_Init                            0x080008fd   Thumb Code   384  stm32f4xx_hal_gpio.o(i.HAL_GPIO_Init)
    HAL_GetTick                              0x08000aa5   Thumb Code     6  stm32f4xx_hal.o(i.HAL_GetTick)
    HAL_IncTick                              0x08000ab1   Thumb Code    12  stm32f4xx_hal.o(i.HAL_IncTick)
    HAL_Init                                 0x08000ac1   Thumb Code    48  stm32f4xx_hal.o(i.HAL_Init)
    HAL_InitTick                             0x08000af5   Thumb Code    54  stm32f4xx_hal.o(i.HAL_InitTick)
    HAL_MspInit                              0x08000b35   Thumb Code    48  stm32f4xx_hal_msp.o(i.HAL_MspInit)
    HAL_NVIC_EnableIRQ                       0x08000b69   Thumb Code    26  stm32f4xx_hal_cortex.o(i.HAL_NVIC_EnableIRQ)
    HAL_NVIC_SetPriority                     0x08000b85   Thumb Code    60  stm32f4xx_hal_cortex.o(i.HAL_NVIC_SetPriority)
    HAL_NVIC_SetPriorityGrouping             0x08000bc5   Thumb Code    26  stm32f4xx_hal_cortex.o(i.HAL_NVIC_SetPriorityGrouping)
    HAL_PWREx_EnableOverDrive                0x08000be9   Thumb Code    98  stm32f4xx_hal_pwr_ex.o(i.HAL_PWREx_EnableOverDrive)
    HAL_RCC_ClockConfig                      0x08000c59   Thumb Code   288  stm32f4xx_hal_rcc.o(i.HAL_RCC_ClockConfig)
    HAL_RCC_GetPCLK1Freq                     0x08000d8d   Thumb Code    20  stm32f4xx_hal_rcc.o(i.HAL_RCC_GetPCLK1Freq)
    HAL_RCC_GetPCLK2Freq                     0x08000dad   Thumb Code    20  stm32f4xx_hal_rcc.o(i.HAL_RCC_GetPCLK2Freq)
    HAL_RCC_GetSysClockFreq                  0x08000dcd   Thumb Code   140  stm32f4xx_hal_rcc_ex.o(i.HAL_RCC_GetSysClockFreq)
    HAL_RCC_OscConfig                        0x08000e61   Thumb Code   814  stm32f4xx_hal_rcc_ex.o(i.HAL_RCC_OscConfig)
    HAL_SYSTICK_Config                       0x080011a5   Thumb Code    40  stm32f4xx_hal_cortex.o(i.HAL_SYSTICK_Config)
    HAL_TIMEx_BreakCallback                  0x080011cd   Thumb Code     2  stm32f4xx_hal_tim_ex.o(i.HAL_TIMEx_BreakCallback)
    HAL_TIMEx_CommutCallback                 0x080011cf   Thumb Code     2  stm32f4xx_hal_tim_ex.o(i.HAL_TIMEx_CommutCallback)
    HAL_TIMEx_ConfigBreakDeadTime            0x080011d1   Thumb Code    84  stm32f4xx_hal_tim_ex.o(i.HAL_TIMEx_ConfigBreakDeadTime)
    HAL_TIMEx_MasterConfigSynchronization    0x08001225   Thumb Code   116  stm32f4xx_hal_tim_ex.o(i.HAL_TIMEx_MasterConfigSynchronization)
    HAL_TIM_Base_Init                        0x080012b5   Thumb Code    54  stm32f4xx_hal_tim.o(i.HAL_TIM_Base_Init)
    HAL_TIM_Base_MspInit                     0x080012ed   Thumb Code    50  tim.o(i.HAL_TIM_Base_MspInit)
    HAL_TIM_Base_Start_IT                    0x08001329   Thumb Code    34  stm32f4xx_hal_tim.o(i.HAL_TIM_Base_Start_IT)
    HAL_TIM_Encoder_Init                     0x0800134b   Thumb Code   152  stm32f4xx_hal_tim.o(i.HAL_TIM_Encoder_Init)
    HAL_TIM_Encoder_MspInit                  0x080013e5   Thumb Code   144  tim.o(i.HAL_TIM_Encoder_MspInit)
    HAL_TIM_Encoder_Start                    0x08001489   Thumb Code    52  stm32f4xx_hal_tim.o(i.HAL_TIM_Encoder_Start)
    HAL_TIM_IC_CaptureCallback               0x080014bd   Thumb Code     2  stm32f4xx_hal_tim.o(i.HAL_TIM_IC_CaptureCallback)
    HAL_TIM_IRQHandler                       0x080014bf   Thumb Code   358  stm32f4xx_hal_tim.o(i.HAL_TIM_IRQHandler)
    HAL_TIM_MspPostInit                      0x08001625   Thumb Code    72  tim.o(i.HAL_TIM_MspPostInit)
    HAL_TIM_OC_DelayElapsedCallback          0x08001679   Thumb Code     2  stm32f4xx_hal_tim.o(i.HAL_TIM_OC_DelayElapsedCallback)
    HAL_TIM_PWM_ConfigChannel                0x0800167b   Thumb Code   208  stm32f4xx_hal_tim.o(i.HAL_TIM_PWM_ConfigChannel)
    HAL_TIM_PWM_Init                         0x0800174b   Thumb Code    54  stm32f4xx_hal_tim.o(i.HAL_TIM_PWM_Init)
    HAL_TIM_PWM_MspInit                      0x08001781   Thumb Code    30  tim.o(i.HAL_TIM_PWM_MspInit)
    HAL_TIM_PWM_PulseFinishedCallback        0x080017a9   Thumb Code     2  stm32f4xx_hal_tim.o(i.HAL_TIM_PWM_PulseFinishedCallback)
    HAL_TIM_PWM_Start                        0x080017ad   Thumb Code    58  stm32f4xx_hal_tim.o(i.HAL_TIM_PWM_Start)
    HAL_TIM_PeriodElapsedCallback            0x080017f1   Thumb Code    46  tim.o(i.HAL_TIM_PeriodElapsedCallback)
    HAL_TIM_TriggerCallback                  0x08001829   Thumb Code     2  stm32f4xx_hal_tim.o(i.HAL_TIM_TriggerCallback)
    HAL_UART_Init                            0x0800182b   Thumb Code    98  stm32f4xx_hal_uart.o(i.HAL_UART_Init)
    HAL_UART_MspInit                         0x0800188d   Thumb Code    90  usart.o(i.HAL_UART_MspInit)
    HAL_UART_Transmit                        0x080018f5   Thumb Code   186  stm32f4xx_hal_uart.o(i.HAL_UART_Transmit)
    HardFault_Handler                        0x080019af   Thumb Code     2  stm32f4xx_it.o(i.HardFault_Handler)
    MX_GPIO_Init                             0x080019b1   Thumb Code    38  gpio.o(i.MX_GPIO_Init)
    MX_TIM1_Init                             0x080019dd   Thumb Code   198  tim.o(i.MX_TIM1_Init)
    MX_TIM3_Init                             0x08001aad   Thumb Code    98  tim.o(i.MX_TIM3_Init)
    MX_TIM4_Init                             0x08001b19   Thumb Code    98  tim.o(i.MX_TIM4_Init)
    MX_TIM7_Init                             0x08001b85   Thumb Code    60  tim.o(i.MX_TIM7_Init)
    MX_UART4_Init                            0x08001bc9   Thumb Code    48  usart.o(i.MX_UART4_Init)
    MemManage_Handler                        0x08001c01   Thumb Code     2  stm32f4xx_it.o(i.MemManage_Handler)
    NMI_Handler                              0x08001c03   Thumb Code     2  stm32f4xx_it.o(i.NMI_Handler)
    PWM_sign_change_counter                  0x08001c05   Thumb Code    52  motors.o(i.PWM_sign_change_counter)
    PendSV_Handler                           0x08001c3d   Thumb Code     2  stm32f4xx_it.o(i.PendSV_Handler)
    Robot_Locate                             0x08001c41   Thumb Code   276  robot_navi_euro20.o(i.Robot_Locate)
    SVC_Handler                              0x08001d61   Thumb Code     2  stm32f4xx_it.o(i.SVC_Handler)
    SysTick_Handler                          0x08001d63   Thumb Code     4  stm32f4xx_it.o(i.SysTick_Handler)
    SystemClock_Config                       0x08001d69   Thumb Code   128  main.o(i.SystemClock_Config)
    SystemInit                               0x08001df1   Thumb Code    66  system_stm32f4xx.o(i.SystemInit)
    TIM7_IRQHandler                          0x08001e45   Thumb Code     6  stm32f4xx_it.o(i.TIM7_IRQHandler)
    TIM_Base_SetConfig                       0x08001e51   Thumb Code   156  stm32f4xx_hal_tim.o(i.TIM_Base_SetConfig)
    TIM_CCxChannelCmd                        0x08001f19   Thumb Code    26  stm32f4xx_hal_tim.o(i.TIM_CCxChannelCmd)
    TIM_OC2_SetConfig                        0x08001f95   Thumb Code    98  stm32f4xx_hal_tim.o(i.TIM_OC2_SetConfig)
    UsageFault_Handler                       0x08002245   Thumb Code     2  stm32f4xx_it.o(i.UsageFault_Handler)
    __ARM_fpclassify                         0x08002247   Thumb Code    48  fpclassify.o(i.__ARM_fpclassify)
    __ARM_fpclassifyf                        0x08002277   Thumb Code    38  fpclassifyf.o(i.__ARM_fpclassifyf)
    __hardfp_acosf                           0x080022bd   Thumb Code   234  acosf.o(i.__hardfp_acosf)
    __hardfp_asinf                           0x080023d5   Thumb Code   258  asinf.o(i.__hardfp_asinf)
    __hardfp_cos                             0x08002501   Thumb Code   180  cos.o(i.__hardfp_cos)
    __hardfp_sin                             0x080025c9   Thumb Code   180  sin.o(i.__hardfp_sin)
    __hardfp_sqrtf                           0x08002691   Thumb Code    58  sqrtf.o(i.__hardfp_sqrtf)
    __ieee754_rem_pio2                       0x080026d1   Thumb Code   938  rred.o(i.__ieee754_rem_pio2)
    __kernel_cos                             0x08002b09   Thumb Code   322  cos_i.o(i.__kernel_cos)
    __kernel_poly                            0x08002c79   Thumb Code   248  poly.o(i.__kernel_poly)
    __kernel_sin                             0x08002d71   Thumb Code   280  sin_i.o(i.__kernel_sin)
    __mathlib_dbl_infnan                     0x08002ea1   Thumb Code    20  dunder.o(i.__mathlib_dbl_infnan)
    __mathlib_dbl_invalid                    0x08002eb9   Thumb Code    24  dunder.o(i.__mathlib_dbl_invalid)
    __mathlib_dbl_underflow                  0x08002ed9   Thumb Code    24  dunder.o(i.__mathlib_dbl_underflow)
    __mathlib_flt_infnan                     0x08002ef9   Thumb Code     6  funder.o(i.__mathlib_flt_infnan)
    __mathlib_flt_invalid                    0x08002f01   Thumb Code    10  funder.o(i.__mathlib_flt_invalid)
    __mathlib_flt_underflow                  0x08002f11   Thumb Code    10  funder.o(i.__mathlib_flt_underflow)
    __scatterload_copy                       0x08002f21   Thumb Code    14  handlers.o(i.__scatterload_copy)
    __scatterload_null                       0x08002f2f   Thumb Code     2  handlers.o(i.__scatterload_null)
    __scatterload_zeroinit                   0x08002f31   Thumb Code    14  handlers.o(i.__scatterload_zeroinit)
    __set_errno                              0x08002f41   Thumb Code     6  errno.o(i.__set_errno)
    fabs                                     0x08002f4d   Thumb Code    24  fabs.o(i.fabs)
    init                                     0x08002f65   Thumb Code    56  robot_navi_euro20.o(i.init)
    main                                     0x08002fc1   Thumb Code   292  main.o(i.main)
    move_distance                            0x0800313d   Thumb Code   838  robot_navi_euro20.o(i.move_distance)
    orientate                                0x080034a9   Thumb Code    60  robot_navi_euro20.o(i.orientate)
    rad_to_deg                               0x080034f9   Thumb Code    40  odometry.o(i.rad_to_deg)
    read_left_encoder                        0x08003531   Thumb Code    74  odometry.o(i.read_left_encoder)
    read_right_encoder                       0x08003581   Thumb Code    74  odometry.o(i.read_right_encoder)
    rotate                                   0x080035d1   Thumb Code   862  robot_navi_euro20.o(i.rotate)
    run_motors                               0x08003965   Thumb Code   348  motors.o(i.run_motors)
    set_PWM_min                              0x08003ac5   Thumb Code    10  motors.o(i.set_PWM_min)
    set_dimentions                           0x08003ad5   Thumb Code    24  odometry.o(i.set_dimentions)
    set_left_encoder                         0x08003af1   Thumb Code    30  odometry.o(i.set_left_encoder)
    set_motors                               0x08003b15   Thumb Code    52  motors.o(i.set_motors)
    set_right_encoder                        0x08003b4d   Thumb Code    30  odometry.o(i.set_right_encoder)
    speed_calcul                             0x08003b71   Thumb Code   306  odometry.o(i.speed_calcul)
    sqrtf                                    0x08003cd1   Thumb Code    62  sqrtf.o(i.sqrtf)
    stop_motors                              0x08003d11   Thumb Code    24  motors.o(i.stop_motors)
    ticks_to_distance                        0x08003d2d   Thumb Code    38  odometry.o(i.ticks_to_distance)
    update_position                          0x08003d59   Thumb Code   654  odometry.o(i.update_position)
    AHBPrescTable                            0x08004004   Data          16  system_stm32f4xx.o(.constdata)
    APBPrescTable                            0x08004014   Data           8  system_stm32f4xx.o(.constdata)
    Region$$Table$$Base                      0x08004140   Number         0  anon$$obj.o(Region$$Table)
    Region$$Table$$Limit                     0x08004160   Number         0  anon$$obj.o(Region$$Table)
    uwTickFreq                               0x20000000   Data           1  stm32f4xx_hal.o(.data)
    uwTickPrio                               0x20000004   Data           4  stm32f4xx_hal.o(.data)
    uwTick                                   0x20000008   Data           4  stm32f4xx_hal.o(.data)
    SystemCoreClock                          0x2000000c   Data           4  system_stm32f4xx.o(.data)
    millis                                   0x20000010   Data           4  odometry.o(.data)
    t                                        0x20000014   Data           4  odometry.o(.data)
    total_right                              0x20000018   Data           4  odometry.o(.data)
    d_right_counter                          0x2000001c   Data           4  odometry.o(.data)
    total_left                               0x20000020   Data           4  odometry.o(.data)
    d_left_counter                           0x20000024   Data           4  odometry.o(.data)
    total_centre                             0x20000028   Data           4  odometry.o(.data)
    current_x                                0x2000002c   Data           4  odometry.o(.data)
    current_y                                0x20000030   Data           4  odometry.o(.data)
    dec                                      0x20000034   Data           4  odometry.o(.data)
    htim_right_encoder                       0x20000038   Data           4  odometry.o(.data)
    right_TIM                                0x2000003c   Data           4  odometry.o(.data)
    right_resolution                         0x20000040   Data           4  odometry.o(.data)
    right_precision                          0x20000044   Data           4  odometry.o(.data)
    right_sens                               0x20000048   Data           4  odometry.o(.data)
    current_right_count                      0x2000004c   Data           4  odometry.o(.data)
    last_right_count                         0x20000050   Data           4  odometry.o(.data)
    d_right                                  0x20000054   Data           4  odometry.o(.data)
    total_right_count                        0x20000058   Data           4  odometry.o(.data)
    htim_left_Encoder                        0x2000005c   Data           4  odometry.o(.data)
    left_TIM                                 0x20000060   Data           4  odometry.o(.data)
    left_resolution                          0x20000064   Data           4  odometry.o(.data)
    left_precision                           0x20000068   Data           4  odometry.o(.data)
    left_sens                                0x2000006c   Data           4  odometry.o(.data)
    current_left_count                       0x20000070   Data           4  odometry.o(.data)
    last_left_count                          0x20000074   Data           4  odometry.o(.data)
    d_left                                   0x20000078   Data           4  odometry.o(.data)
    total_left_count                         0x2000007c   Data           4  odometry.o(.data)
    dR                                       0x20000080   Data           4  odometry.o(.data)
    dL                                       0x20000084   Data           4  odometry.o(.data)
    dC                                       0x20000088   Data           4  odometry.o(.data)
    left_radius                              0x2000008c   Data           4  odometry.o(.data)
    right_radius                             0x20000090   Data           4  odometry.o(.data)
    spacing_encoder                          0x20000094   Data           4  odometry.o(.data)
    spacing_wheel                            0x20000098   Data           4  odometry.o(.data)
    current_phi_deg                          0x2000009c   Data           4  odometry.o(.data)
    ref_x                                    0x200000a0   Data           4  odometry.o(.data)
    ref_y                                    0x200000a4   Data           4  odometry.o(.data)
    current_phi_rad                          0x200000a8   Data           8  odometry.o(.data)
    right_speed                              0x200000b0   Data           8  odometry.o(.data)
    right_encoder_speed                      0x200000b8   Data           8  odometry.o(.data)
    left_speed                               0x200000c0   Data           8  odometry.o(.data)
    left_encoder_speed                       0x200000c8   Data           8  odometry.o(.data)
    phi_speed                                0x200000d0   Data           8  odometry.o(.data)
    d_phi_counter                            0x200000d8   Data           8  odometry.o(.data)
    htim_Motors                              0x200000e0   Data           4  motors.o(.data)
    right_forward                            0x200000e4   Data           4  motors.o(.data)
    right_backward                           0x200000e8   Data           4  motors.o(.data)
    left_forward                             0x200000ec   Data           4  motors.o(.data)
    left_backward                            0x200000f0   Data           4  motors.o(.data)
    PWM_R                                    0x200000f4   Data           4  motors.o(.data)
    PWM_L                                    0x200000f8   Data           4  motors.o(.data)
    PWM_Max                                  0x200000fc   Data           4  motors.o(.data)
    PWM_R_Min                                0x20000100   Data           4  motors.o(.data)
    PWM_L_Min                                0x20000104   Data           4  motors.o(.data)
    PWM_R_Min_Rot                            0x20000108   Data           4  motors.o(.data)
    PWM_L_Min_Rot                            0x2000010c   Data           4  motors.o(.data)
    PWM_R_sign                               0x20000110   Data           4  motors.o(.data)
    PWM_L_sign                               0x20000114   Data           4  motors.o(.data)
    PWM_R_last_sign                          0x20000118   Data           4  motors.o(.data)
    PWM_L_last_sign                          0x2000011c   Data           4  motors.o(.data)
    PWM_R_sign_counter                       0x20000120   Data           4  motors.o(.data)
    PWM_L_sign_counter                       0x20000124   Data           4  motors.o(.data)
    coef_correct_angle                       0x20000128   Data           4  robot_navi_euro20.o(.data)
    right_correction                         0x2000012c   Data           4  robot_navi_euro20.o(.data)
    left_correction                          0x20000130   Data           4  robot_navi_euro20.o(.data)
    ramp                                     0x20000134   Data           4  robot_navi_euro20.o(.data)
    rampR                                    0x20000138   Data           4  robot_navi_euro20.o(.data)
    rampC                                    0x2000013c   Data           4  robot_navi_euro20.o(.data)
    kp                                       0x20000140   Data           4  robot_navi_euro20.o(.data)
    ki                                       0x20000144   Data           4  robot_navi_euro20.o(.data)
    coef_correct_dist                        0x20000148   Data           4  robot_navi_euro20.o(.data)
    remain_distC                             0x2000014c   Data           4  robot_navi_euro20.o(.data)
    goalC                                    0x20000150   Data           4  robot_navi_euro20.o(.data)
    speed_refR                               0x20000154   Data           4  robot_navi_euro20.o(.data)
    speed_refL                               0x20000158   Data           4  robot_navi_euro20.o(.data)
    prev_speed_refR                          0x2000015c   Data           4  robot_navi_euro20.o(.data)
    prev_speed_refL                          0x20000160   Data           4  robot_navi_euro20.o(.data)
    new_speed_refR                           0x20000164   Data           4  robot_navi_euro20.o(.data)
    new_speed_refL                           0x20000168   Data           4  robot_navi_euro20.o(.data)
    speedC                                   0x2000016c   Data           4  robot_navi_euro20.o(.data)
    speed_refC                               0x20000170   Data           4  robot_navi_euro20.o(.data)
    kpL                                      0x20000174   Data           4  robot_navi_euro20.o(.data)
    kiL                                      0x20000178   Data           4  robot_navi_euro20.o(.data)
    kpR                                      0x2000017c   Data           4  robot_navi_euro20.o(.data)
    kiR                                      0x20000180   Data           4  robot_navi_euro20.o(.data)
    corde                                    0x20000184   Data           4  robot_navi_euro20.o(.data)
    tetaC                                    0x20000188   Data           4  robot_navi_euro20.o(.data)
    phi_prim                                 0x2000018c   Data           4  robot_navi_euro20.o(.data)
    corde_angle                              0x20000190   Data           4  robot_navi_euro20.o(.data)
    Xc                                       0x20000194   Data           4  robot_navi_euro20.o(.data)
    Yc                                       0x20000198   Data           4  robot_navi_euro20.o(.data)
    Rayon                                    0x2000019c   Data           4  robot_navi_euro20.o(.data)
    phi_target_rad                           0x200001a0   Data           4  robot_navi_euro20.o(.data)
    sens_de_mouvement                        0x200001a4   Data           4  robot_navi_euro20.o(.data)
    Distance_empietement                     0x200001a8   Data           4  robot_navi_euro20.o(.data)
    flag1                                    0x200001ac   Data           4  robot_navi_euro20.o(.data)
    flag2                                    0x200001b0   Data           4  robot_navi_euro20.o(.data)
    goal_distance                            0x200001b4   Data           4  robot_navi_euro20.o(.data)
    target_angle                             0x200001b8   Data           4  robot_navi_euro20.o(.data)
    accel_dist                               0x200001bc   Data           4  robot_navi_euro20.o(.data)
    decel_dist                               0x200001c0   Data           4  robot_navi_euro20.o(.data)
    PWM_LB                                   0x200001c4   Data           4  robot_navi_euro20.o(.data)
    PWM_RB                                   0x200001c8   Data           4  robot_navi_euro20.o(.data)
    speed_ref                                0x200001cc   Data           4  robot_navi_euro20.o(.data)
    sens                                     0x200001d0   Data           4  robot_navi_euro20.o(.data)
    target_x                                 0x200001d4   Data           4  robot_navi_euro20.o(.data)
    target_y                                 0x200001d8   Data           4  robot_navi_euro20.o(.data)
    target_x_prime                           0x200001dc   Data           4  robot_navi_euro20.o(.data)
    target_y_prime                           0x200001e0   Data           4  robot_navi_euro20.o(.data)
    right_target_speed                       0x200001e4   Data           4  robot_navi_euro20.o(.data)
    left_target_speed                        0x200001e8   Data           4  robot_navi_euro20.o(.data)
    matrix                                   0x200001ec   Data           4  robot_navi_euro20.o(.data)
    right_error                              0x200001f0   Data           8  robot_navi_euro20.o(.data)
    i_right_error                            0x200001f8   Data           8  robot_navi_euro20.o(.data)
    left_error                               0x20000200   Data           8  robot_navi_euro20.o(.data)
    i_left_error                             0x20000208   Data           8  robot_navi_euro20.o(.data)
    delta                                    0x20000210   Data           8  robot_navi_euro20.o(.data)
    t0                                       0x20000218   Data           8  robot_navi_euro20.o(.data)
    htim1                                    0x20000224   Data          64  tim.o(.bss)
    htim3                                    0x20000264   Data          64  tim.o(.bss)
    htim4                                    0x200002a4   Data          64  tim.o(.bss)
    htim7                                    0x200002e4   Data          64  tim.o(.bss)
    huart4                                   0x20000324   Data          64  usart.o(.bss)
    __initial_sp                             0x20000768   Data           0  startup_stm32f446xx.o(STACK)



==============================================================================

Memory Map of the image

  Image Entry point : 0x080001c5

  Load Region LR_IROM1 (Base: 0x08000000, Size: 0x00004384, Max: 0x00080000, ABSOLUTE, COMPRESSED[0x00004190])

    Execution Region ER_IROM1 (Exec base: 0x08000000, Load base: 0x08000000, Size: 0x00004160, Max: 0x00080000, ABSOLUTE)

    Exec Addr    Load Addr    Size         Type   Attr      Idx    E Section Name        Object

    0x08000000   0x08000000   0x000001c4   Data   RO            3    RESET               startup_stm32f446xx.o
    0x080001c4   0x080001c4   0x00000000   Code   RO         3356  * .ARM.Collect$$$$00000000  mc_w.l(entry.o)
    0x080001c4   0x080001c4   0x00000004   Code   RO         3479    .ARM.Collect$$$$00000001  mc_w.l(entry2.o)
    0x080001c8   0x080001c8   0x00000004   Code   RO         3482    .ARM.Collect$$$$00000004  mc_w.l(entry5.o)
    0x080001cc   0x080001cc   0x00000000   Code   RO         3484    .ARM.Collect$$$$00000008  mc_w.l(entry7b.o)
    0x080001cc   0x080001cc   0x00000000   Code   RO         3486    .ARM.Collect$$$$0000000A  mc_w.l(entry8b.o)
    0x080001cc   0x080001cc   0x00000008   Code   RO         3487    .ARM.Collect$$$$0000000B  mc_w.l(entry9a.o)
    0x080001d4   0x080001d4   0x00000000   Code   RO         3489    .ARM.Collect$$$$0000000D  mc_w.l(entry10a.o)
    0x080001d4   0x080001d4   0x00000000   Code   RO         3491    .ARM.Collect$$$$0000000F  mc_w.l(entry11a.o)
    0x080001d4   0x080001d4   0x00000004   Code   RO         3480    .ARM.Collect$$$$00002712  mc_w.l(entry2.o)
    0x080001d8   0x080001d8   0x00000024   Code   RO            4    .text               startup_stm32f446xx.o
    0x080001fc   0x080001fc   0x00000062   Code   RO         3359    .text               mc_w.l(uldiv.o)
    0x0800025e   0x0800025e   0x00000024   Code   RO         3361    .text               mc_w.l(memseta.o)
    0x08000282   0x08000282   0x0000014e   Code   RO         3391    .text               mf_w.l(dadd.o)
    0x080003d0   0x080003d0   0x000000e4   Code   RO         3393    .text               mf_w.l(dmul.o)
    0x080004b4   0x080004b4   0x000000de   Code   RO         3395    .text               mf_w.l(ddiv.o)
    0x08000592   0x08000592   0x00000022   Code   RO         3397    .text               mf_w.l(dflti.o)
    0x080005b4   0x080005b4   0x0000003e   Code   RO         3399    .text               mf_w.l(dfixi.o)
    0x080005f2   0x080005f2   0x00000026   Code   RO         3401    .text               mf_w.l(f2d.o)
    0x08000618   0x08000618   0x00000030   Code   RO         3403    .text               mf_w.l(cdcmple.o)
    0x08000648   0x08000648   0x00000030   Code   RO         3405    .text               mf_w.l(cdrcmple.o)
    0x08000678   0x08000678   0x00000038   Code   RO         3407    .text               mf_w.l(d2f.o)
    0x080006b0   0x080006b0   0x0000001e   Code   RO         3493    .text               mc_w.l(llshl.o)
    0x080006ce   0x080006ce   0x00000020   Code   RO         3495    .text               mc_w.l(llushr.o)
    0x080006ee   0x080006ee   0x00000024   Code   RO         3497    .text               mc_w.l(llsshr.o)
    0x08000712   0x08000712   0x00000000   Code   RO         3512    .text               mc_w.l(iusefp.o)
    0x08000712   0x08000712   0x0000006e   Code   RO         3513    .text               mf_w.l(fepilogue.o)
    0x08000780   0x08000780   0x000000ba   Code   RO         3515    .text               mf_w.l(depilogue.o)
    0x0800083a   0x0800083a   0x00000002   PAD
    0x0800083c   0x0800083c   0x00000024   Code   RO         3521    .text               mc_w.l(init.o)
    0x08000860   0x08000860   0x0000001a   Code   RO         3525    .text               mf_w.l(dfltui.o)
    0x0800087a   0x0800087a   0x00000056   Code   RO         3535    .text               mc_w.l(__dczerorl2.o)
    0x080008d0   0x080008d0   0x00000002   Code   RO          345    i.BusFault_Handler  stm32f4xx_it.o
    0x080008d2   0x080008d2   0x00000002   Code   RO          346    i.DebugMon_Handler  stm32f4xx_it.o
    0x080008d4   0x080008d4   0x00000002   Code   RO           13    i.Error_Handler     main.o
    0x080008d6   0x080008d6   0x00000002   PAD
    0x080008d8   0x080008d8   0x00000024   Code   RO         2688    i.HAL_Delay         stm32f4xx_hal.o
    0x080008fc   0x080008fc   0x000001a8   Code   RO         2144    i.HAL_GPIO_Init     stm32f4xx_hal_gpio.o
    0x08000aa4   0x08000aa4   0x0000000c   Code   RO         2694    i.HAL_GetTick       stm32f4xx_hal.o
    0x08000ab0   0x08000ab0   0x00000010   Code   RO         2700    i.HAL_IncTick       stm32f4xx_hal.o
    0x08000ac0   0x08000ac0   0x00000034   Code   RO         2701    i.HAL_Init          stm32f4xx_hal.o
    0x08000af4   0x08000af4   0x00000040   Code   RO         2702    i.HAL_InitTick      stm32f4xx_hal.o
    0x08000b34   0x08000b34   0x00000034   Code   RO          427    i.HAL_MspInit       stm32f4xx_hal_msp.o
    0x08000b68   0x08000b68   0x0000001a   Code   RO         2551    i.HAL_NVIC_EnableIRQ  stm32f4xx_hal_cortex.o
    0x08000b82   0x08000b82   0x00000002   PAD
    0x08000b84   0x08000b84   0x00000040   Code   RO         2557    i.HAL_NVIC_SetPriority  stm32f4xx_hal_cortex.o
    0x08000bc4   0x08000bc4   0x00000024   Code   RO         2558    i.HAL_NVIC_SetPriorityGrouping  stm32f4xx_hal_cortex.o
    0x08000be8   0x08000be8   0x00000070   Code   RO         2480    i.HAL_PWREx_EnableOverDrive  stm32f4xx_hal_pwr_ex.o
    0x08000c58   0x08000c58   0x00000134   Code   RO         1706    i.HAL_RCC_ClockConfig  stm32f4xx_hal_rcc.o
    0x08000d8c   0x08000d8c   0x00000020   Code   RO         1713    i.HAL_RCC_GetPCLK1Freq  stm32f4xx_hal_rcc.o
    0x08000dac   0x08000dac   0x00000020   Code   RO         1714    i.HAL_RCC_GetPCLK2Freq  stm32f4xx_hal_rcc.o
    0x08000dcc   0x08000dcc   0x00000094   Code   RO         1817    i.HAL_RCC_GetSysClockFreq  stm32f4xx_hal_rcc_ex.o
    0x08000e60   0x08000e60   0x00000344   Code   RO         1818    i.HAL_RCC_OscConfig  stm32f4xx_hal_rcc_ex.o
    0x080011a4   0x080011a4   0x00000028   Code   RO         2562    i.HAL_SYSTICK_Config  stm32f4xx_hal_cortex.o
    0x080011cc   0x080011cc   0x00000002   Code   RO         1128    i.HAL_TIMEx_BreakCallback  stm32f4xx_hal_tim_ex.o
    0x080011ce   0x080011ce   0x00000002   Code   RO         1129    i.HAL_TIMEx_CommutCallback  stm32f4xx_hal_tim_ex.o
    0x080011d0   0x080011d0   0x00000054   Code   RO         1131    i.HAL_TIMEx_ConfigBreakDeadTime  stm32f4xx_hal_tim_ex.o
    0x08001224   0x08001224   0x00000090   Code   RO         1146    i.HAL_TIMEx_MasterConfigSynchronization  stm32f4xx_hal_tim_ex.o
    0x080012b4   0x080012b4   0x00000036   Code   RO          453    i.HAL_TIM_Base_Init  stm32f4xx_hal_tim.o
    0x080012ea   0x080012ea   0x00000002   PAD
    0x080012ec   0x080012ec   0x0000003c   Code   RO          201    i.HAL_TIM_Base_MspInit  tim.o
    0x08001328   0x08001328   0x00000022   Code   RO          458    i.HAL_TIM_Base_Start_IT  stm32f4xx_hal_tim.o
    0x0800134a   0x0800134a   0x00000098   Code   RO          471    i.HAL_TIM_Encoder_Init  stm32f4xx_hal_tim.o
    0x080013e2   0x080013e2   0x00000002   PAD
    0x080013e4   0x080013e4   0x000000a4   Code   RO          203    i.HAL_TIM_Encoder_MspInit  tim.o
    0x08001488   0x08001488   0x00000034   Code   RO          474    i.HAL_TIM_Encoder_Start  stm32f4xx_hal_tim.o
    0x080014bc   0x080014bc   0x00000002   Code   RO          482    i.HAL_TIM_IC_CaptureCallback  stm32f4xx_hal_tim.o
    0x080014be   0x080014be   0x00000166   Code   RO          496    i.HAL_TIM_IRQHandler  stm32f4xx_hal_tim.o
    0x08001624   0x08001624   0x00000054   Code   RO          204    i.HAL_TIM_MspPostInit  tim.o
    0x08001678   0x08001678   0x00000002   Code   RO          499    i.HAL_TIM_OC_DelayElapsedCallback  stm32f4xx_hal_tim.o
    0x0800167a   0x0800167a   0x000000d0   Code   RO          520    i.HAL_TIM_PWM_ConfigChannel  stm32f4xx_hal_tim.o
    0x0800174a   0x0800174a   0x00000036   Code   RO          523    i.HAL_TIM_PWM_Init  stm32f4xx_hal_tim.o
    0x08001780   0x08001780   0x00000028   Code   RO          206    i.HAL_TIM_PWM_MspInit  tim.o
    0x080017a8   0x080017a8   0x00000002   Code   RO          526    i.HAL_TIM_PWM_PulseFinishedCallback  stm32f4xx_hal_tim.o
    0x080017aa   0x080017aa   0x00000002   PAD
    0x080017ac   0x080017ac   0x00000044   Code   RO          528    i.HAL_TIM_PWM_Start  stm32f4xx_hal_tim.o
    0x080017f0   0x080017f0   0x00000038   Code   RO          207    i.HAL_TIM_PeriodElapsedCallback  tim.o
    0x08001828   0x08001828   0x00000002   Code   RO          539    i.HAL_TIM_TriggerCallback  stm32f4xx_hal_tim.o
    0x0800182a   0x0800182a   0x00000062   Code   RO         1404    i.HAL_UART_Init     stm32f4xx_hal_uart.o
    0x0800188c   0x0800188c   0x00000068   Code   RO          304    i.HAL_UART_MspInit  usart.o
    0x080018f4   0x080018f4   0x000000ba   Code   RO         1412    i.HAL_UART_Transmit  stm32f4xx_hal_uart.o
    0x080019ae   0x080019ae   0x00000002   Code   RO          347    i.HardFault_Handler  stm32f4xx_it.o
    0x080019b0   0x080019b0   0x0000002c   Code   RO          176    i.MX_GPIO_Init      gpio.o
    0x080019dc   0x080019dc   0x000000d0   Code   RO          208    i.MX_TIM1_Init      tim.o
    0x08001aac   0x08001aac   0x0000006c   Code   RO          209    i.MX_TIM3_Init      tim.o
    0x08001b18   0x08001b18   0x0000006c   Code   RO          210    i.MX_TIM4_Init      tim.o
    0x08001b84   0x08001b84   0x00000044   Code   RO          211    i.MX_TIM7_Init      tim.o
    0x08001bc8   0x08001bc8   0x00000038   Code   RO          305    i.MX_UART4_Init     usart.o
    0x08001c00   0x08001c00   0x00000002   Code   RO          348    i.MemManage_Handler  stm32f4xx_it.o
    0x08001c02   0x08001c02   0x00000002   Code   RO          349    i.NMI_Handler       stm32f4xx_it.o
    0x08001c04   0x08001c04   0x00000038   Code   RO         3060    i.PWM_sign_change_counter  motors.o
    0x08001c3c   0x08001c3c   0x00000002   Code   RO          350    i.PendSV_Handler    stm32f4xx_it.o
    0x08001c3e   0x08001c3e   0x00000002   PAD
    0x08001c40   0x08001c40   0x00000120   Code   RO         3129    i.Robot_Locate      robot_navi_euro20.o
    0x08001d60   0x08001d60   0x00000002   Code   RO          351    i.SVC_Handler       stm32f4xx_it.o
    0x08001d62   0x08001d62   0x00000004   Code   RO          352    i.SysTick_Handler   stm32f4xx_it.o
    0x08001d66   0x08001d66   0x00000002   PAD
    0x08001d68   0x08001d68   0x00000088   Code   RO           14    i.SystemClock_Config  main.o
    0x08001df0   0x08001df0   0x00000054   Code   RO         2940    i.SystemInit        system_stm32f4xx.o
    0x08001e44   0x08001e44   0x0000000c   Code   RO          353    i.TIM7_IRQHandler   stm32f4xx_it.o
    0x08001e50   0x08001e50   0x000000c8   Code   RO          541    i.TIM_Base_SetConfig  stm32f4xx_hal_tim.o
    0x08001f18   0x08001f18   0x0000001a   Code   RO          542    i.TIM_CCxChannelCmd  stm32f4xx_hal_tim.o
    0x08001f32   0x08001f32   0x00000002   PAD
    0x08001f34   0x08001f34   0x00000060   Code   RO          554    i.TIM_OC1_SetConfig  stm32f4xx_hal_tim.o
    0x08001f94   0x08001f94   0x0000006c   Code   RO          555    i.TIM_OC2_SetConfig  stm32f4xx_hal_tim.o
    0x08002000   0x08002000   0x00000068   Code   RO          556    i.TIM_OC3_SetConfig  stm32f4xx_hal_tim.o
    0x08002068   0x08002068   0x00000050   Code   RO          557    i.TIM_OC4_SetConfig  stm32f4xx_hal_tim.o
    0x080020b8   0x080020b8   0x00000128   Code   RO         1430    i.UART_SetConfig    stm32f4xx_hal_uart.o
    0x080021e0   0x080021e0   0x00000064   Code   RO         1432    i.UART_WaitOnFlagUntilTimeout  stm32f4xx_hal_uart.o
    0x08002244   0x08002244   0x00000002   Code   RO          354    i.UsageFault_Handler  stm32f4xx_it.o
    0x08002246   0x08002246   0x00000030   Code   RO         3432    i.__ARM_fpclassify  m_wm.l(fpclassify.o)
    0x08002276   0x08002276   0x00000026   Code   RO         3434    i.__ARM_fpclassifyf  m_wm.l(fpclassifyf.o)
    0x0800229c   0x0800229c   0x00000020   Code   RO         2564    i.__NVIC_SetPriority  stm32f4xx_hal_cortex.o
    0x080022bc   0x080022bc   0x00000118   Code   RO         3244    i.__hardfp_acosf    m_wm.l(acosf.o)
    0x080023d4   0x080023d4   0x0000012c   Code   RO         3270    i.__hardfp_asinf    m_wm.l(asinf.o)
    0x08002500   0x08002500   0x000000c8   Code   RO         3282    i.__hardfp_cos      m_wm.l(cos.o)
    0x080025c8   0x080025c8   0x000000c8   Code   RO         3320    i.__hardfp_sin      m_wm.l(sin.o)
    0x08002690   0x08002690   0x0000003a   Code   RO         3344    i.__hardfp_sqrtf    m_wm.l(sqrtf.o)
    0x080026ca   0x080026ca   0x00000006   PAD
    0x080026d0   0x080026d0   0x00000438   Code   RO         3453    i.__ieee754_rem_pio2  m_wm.l(rred.o)
    0x08002b08   0x08002b08   0x00000170   Code   RO         3409    i.__kernel_cos      m_wm.l(cos_i.o)
    0x08002c78   0x08002c78   0x000000f8   Code   RO         3450    i.__kernel_poly     m_wm.l(poly.o)
    0x08002d70   0x08002d70   0x00000130   Code   RO         3461    i.__kernel_sin      m_wm.l(sin_i.o)
    0x08002ea0   0x08002ea0   0x00000014   Code   RO         3413    i.__mathlib_dbl_infnan  m_wm.l(dunder.o)
    0x08002eb4   0x08002eb4   0x00000004   PAD
    0x08002eb8   0x08002eb8   0x00000020   Code   RO         3415    i.__mathlib_dbl_invalid  m_wm.l(dunder.o)
    0x08002ed8   0x08002ed8   0x00000020   Code   RO         3418    i.__mathlib_dbl_underflow  m_wm.l(dunder.o)
    0x08002ef8   0x08002ef8   0x00000006   Code   RO         3437    i.__mathlib_flt_infnan  m_wm.l(funder.o)
    0x08002efe   0x08002efe   0x00000002   PAD
    0x08002f00   0x08002f00   0x00000010   Code   RO         3439    i.__mathlib_flt_invalid  m_wm.l(funder.o)
    0x08002f10   0x08002f10   0x00000010   Code   RO         3442    i.__mathlib_flt_underflow  m_wm.l(funder.o)
    0x08002f20   0x08002f20   0x0000000e   Code   RO         3529    i.__scatterload_copy  mc_w.l(handlers.o)
    0x08002f2e   0x08002f2e   0x00000002   Code   RO         3530    i.__scatterload_null  mc_w.l(handlers.o)
    0x08002f30   0x08002f30   0x0000000e   Code   RO         3531    i.__scatterload_zeroinit  mc_w.l(handlers.o)
    0x08002f3e   0x08002f3e   0x00000002   PAD
    0x08002f40   0x08002f40   0x0000000c   Code   RO         3507    i.__set_errno       mc_w.l(errno.o)
    0x08002f4c   0x08002f4c   0x00000018   Code   RO         3428    i.fabs              m_wm.l(fabs.o)
    0x08002f64   0x08002f64   0x0000005c   Code   RO         3134    i.init              robot_navi_euro20.o
    0x08002fc0   0x08002fc0   0x0000017c   Code   RO           15    i.main              main.o
    0x0800313c   0x0800313c   0x0000036c   Code   RO         3137    i.move_distance     robot_navi_euro20.o
    0x080034a8   0x080034a8   0x00000050   Code   RO         3138    i.orientate         robot_navi_euro20.o
    0x080034f8   0x080034f8   0x00000038   Code   RO         2977    i.rad_to_deg        odometry.o
    0x08003530   0x08003530   0x00000050   Code   RO         2978    i.read_left_encoder  odometry.o
    0x08003580   0x08003580   0x00000050   Code   RO         2979    i.read_right_encoder  odometry.o
    0x080035d0   0x080035d0   0x00000394   Code   RO         3139    i.rotate            robot_navi_euro20.o
    0x08003964   0x08003964   0x00000160   Code   RO         3063    i.run_motors        motors.o
    0x08003ac4   0x08003ac4   0x00000010   Code   RO         3064    i.set_PWM_min       motors.o
    0x08003ad4   0x08003ad4   0x0000001c   Code   RO         2981    i.set_dimentions    odometry.o
    0x08003af0   0x08003af0   0x00000024   Code   RO         2982    i.set_left_encoder  odometry.o
    0x08003b14   0x08003b14   0x00000038   Code   RO         3065    i.set_motors        motors.o
    0x08003b4c   0x08003b4c   0x00000024   Code   RO         2983    i.set_right_encoder  odometry.o
    0x08003b70   0x08003b70   0x00000160   Code   RO         2984    i.speed_calcul      odometry.o
    0x08003cd0   0x08003cd0   0x0000003e   Code   RO         3346    i.sqrtf             m_wm.l(sqrtf.o)
    0x08003d0e   0x08003d0e   0x00000002   PAD
    0x08003d10   0x08003d10   0x0000001c   Code   RO         3066    i.stop_motors       motors.o
    0x08003d2c   0x08003d2c   0x0000002c   Code   RO         2985    i.ticks_to_distance  odometry.o
    0x08003d58   0x08003d58   0x000002ac   Code   RO         2986    i.update_position   odometry.o
    0x08004004   0x08004004   0x00000010   Data   RO         2941    .constdata          system_stm32f4xx.o
    0x08004014   0x08004014   0x00000008   Data   RO         2942    .constdata          system_stm32f4xx.o
    0x0800401c   0x0800401c   0x00000004   PAD
    0x08004020   0x08004020   0x00000030   Data   RO         3410    .constdata          m_wm.l(cos_i.o)
    0x08004050   0x08004050   0x000000c8   Data   RO         3455    .constdata          m_wm.l(rred.o)
    0x08004118   0x08004118   0x00000028   Data   RO         3462    .constdata          m_wm.l(sin_i.o)
    0x08004140   0x08004140   0x00000020   Data   RO         3527    Region$$Table       anon$$obj.o


    Execution Region RW_IRAM1 (Exec base: 0x20000000, Load base: 0x08004160, Size: 0x00000768, Max: 0x00020000, ABSOLUTE, COMPRESSED[0x00000030])

    Exec Addr    Load Addr    Size         Type   Attr      Idx    E Section Name        Object

    0x20000000   COMPRESSED   0x0000000c   Data   RW         2708    .data               stm32f4xx_hal.o
    0x2000000c   COMPRESSED   0x00000004   Data   RW         2943    .data               system_stm32f4xx.o
    0x20000010   COMPRESSED   0x000000d0   Data   RW         2987    .data               odometry.o
    0x200000e0   COMPRESSED   0x00000048   Data   RW         3067    .data               motors.o
    0x20000128   COMPRESSED   0x000000f8   Data   RW         3142    .data               robot_navi_euro20.o
    0x20000220   COMPRESSED   0x00000004   Data   RW         3508    .data               mc_w.l(errno.o)
    0x20000224        -       0x00000100   Zero   RW          212    .bss                tim.o
    0x20000324        -       0x00000040   Zero   RW          306    .bss                usart.o
    0x20000364   COMPRESSED   0x00000004   PAD
    0x20000368        -       0x00000400   Zero   RW            1    STACK               startup_stm32f446xx.o


==============================================================================

Image component sizes


      Code (inc. data)   RO Data    RW Data    ZI Data      Debug   Object Name

        44          6          0          0          0        803   gpio.o
       518         96          0          0          0     708574   main.o
       508         22          0         72          0       4062   motors.o
      1396        126          0        208          0       7716   odometry.o
      2252        160          0        248          0       5967   robot_navi_euro20.o
        36          8        452          0       1024        852   startup_stm32f446xx.o
       180         28          0         12          0       9381   stm32f4xx_hal.o
       198         14          0          0          0      34031   stm32f4xx_hal_cortex.o
       424         40          0          0          0       1760   stm32f4xx_hal_gpio.o
        52          4          0          0          0        866   stm32f4xx_hal_msp.o
       112         14          0          0          0       1316   stm32f4xx_hal_pwr_ex.o
       372         44          0          0          0       2950   stm32f4xx_hal_rcc.o
       984         30          0          0          0       2754   stm32f4xx_hal_rcc_ex.o
      1602         90          0          0          0      14559   stm32f4xx_hal_tim.o
       232         28          0          0          0       3349   stm32f4xx_hal_tim_ex.o
       680         10          0          0          0       4192   stm32f4xx_hal_uart.o
        32          6          0          0          0       4696   stm32f4xx_it.o
        84         18         24          4          0       1203   system_stm32f4xx.o
       896        100          0          0        256       6431   tim.o
       160         22          0          0         64       1724   usart.o

    ----------------------------------------------------------------------
     10778        866        512        544       1348     817186   Object Totals
         0          0         32          0          0          0   (incl. Generated)
        16          0          4          0          4          0   (incl. Padding)

    ----------------------------------------------------------------------

      Code (inc. data)   RO Data    RW Data    ZI Data      Debug   Library Member Name

       280         46          0          0          0        176   acosf.o
       300         42          0          0          0        176   asinf.o
       200         20          0          0          0        164   cos.o
       368         46         48          0          0        200   cos_i.o
        84         16          0          0          0        372   dunder.o
        24          0          0          0          0        124   fabs.o
        48          0          0          0          0        124   fpclassify.o
        38          0          0          0          0        116   fpclassifyf.o
        38         12          0          0          0        348   funder.o
       248          0          0          0          0        152   poly.o
      1080        142        200          0          0        188   rred.o
       200         20          0          0          0        164   sin.o
       304         24         40          0          0        208   sin_i.o
       120          0          0          0          0        272   sqrtf.o
        86          0          0          0          0          0   __dczerorl2.o
         0          0          0          0          0          0   entry.o
         0          0          0          0          0          0   entry10a.o
         0          0          0          0          0          0   entry11a.o
         8          4          0          0          0          0   entry2.o
         4          0          0          0          0          0   entry5.o
         0          0          0          0          0          0   entry7b.o
         0          0          0          0          0          0   entry8b.o
         8          4          0          0          0          0   entry9a.o
        12          6          0          4          0         68   errno.o
        30          0          0          0          0          0   handlers.o
        36          8          0          0          0         68   init.o
         0          0          0          0          0          0   iusefp.o
        30          0          0          0          0         68   llshl.o
        36          0          0          0          0         68   llsshr.o
        32          0          0          0          0         68   llushr.o
        36          0          0          0          0        108   memseta.o
        98          0          0          0          0         92   uldiv.o
        48          0          0          0          0         68   cdcmple.o
        48          0          0          0          0         68   cdrcmple.o
        56          0          0          0          0         88   d2f.o
       334          0          0          0          0        148   dadd.o
       222          0          0          0          0        100   ddiv.o
       186          0          0          0          0        176   depilogue.o
        62          0          0          0          0         80   dfixi.o
        34          0          0          0          0         76   dflti.o
        26          0          0          0          0         76   dfltui.o
       228          0          0          0          0         96   dmul.o
        38          0          0          0          0         68   f2d.o
       110          0          0          0          0        168   fepilogue.o

    ----------------------------------------------------------------------
      5158        390        288          4          0       4536   Library Totals
        18          0          0          0          0          0   (incl. Padding)

    ----------------------------------------------------------------------

      Code (inc. data)   RO Data    RW Data    ZI Data      Debug   Library Name

      3332        368        288          0          0       2784   m_wm.l
       416         22          0          4          0        540   mc_w.l
      1392          0          0          0          0       1212   mf_w.l

    ----------------------------------------------------------------------
      5158        390        288          4          0       4536   Library Totals

    ----------------------------------------------------------------------

==============================================================================


      Code (inc. data)   RO Data    RW Data    ZI Data      Debug   

     15936       1256        800        548       1348     811274   Grand Totals
     15936       1256        800         48       1348     811274   ELF Image Totals (compressed)
     15936       1256        800         48          0          0   ROM Totals

==============================================================================

    Total RO  Size (Code + RO Data)                16736 (  16.34kB)
    Total RW  Size (RW Data + ZI Data)              1896 (   1.85kB)
    Total ROM Size (Code + RO Data + RW Data)      16784 (  16.39kB)

==============================================================================

